16:03:36 **** Build of configuration Debug for project Signal_Source_Control_App ****
make all 
'Building file: ../src/AD9164_FMC.c'
'Invoking: MicroBlaze gcc compiler'
mb-gcc -Wall -O0 -g3 -c -fmessage-length=0 -MT"src/AD9164_FMC.o" -ID:/DMTS/MOLIT_Shoe_Schaner/Development/FPGA/Signal_Source_Control/Vitis/Signal_Souce_Control_BD_wrapper/export/Signal_Souce_Control_BD_wrapper/sw/Signal_Souce_Control_BD_wrapper/standalone_microblaze_0/bspinclude/include -mlittle-endian -mcpu=v11.0 -mxl-soft-mul -Wl,--no-relax -ffunction-sections -fdata-sections -MMD -MP -MF"src/AD9164_FMC.d" -MT"src/AD9164_FMC.o" -o "src/AD9164_FMC.o" "../src/AD9164_FMC.c"
../src/AD9164_FMC.c: In function 'SET_FTH1_FREQ':
../src/AD9164_FMC.c:89:27: warning: pointer targets in passing argument 2 of 'XSpi_Transfer' differ in signedness [-Wpointer-sign]
   89 |     XSpi_Transfer(spiPtr, SAND_complete1, Global_AD9164_recv, AD9164_BUFFER_SIZE);
      |                           ^~~~~~~~~~~~~~
      |                           |
      |                           char *
In file included from ../src/AD9164_FMC.c:4:
D:/DMTS/MOLIT_Shoe_Schaner/Development/FPGA/Signal_Source_Control/Vitis/Signal_Souce_Control_BD_wrapper/export/Signal_Souce_Control_BD_wrapper/sw/Signal_Souce_Control_BD_wrapper/standalone_microblaze_0/bspinclude/include/xspi.h:814:42: note: expected 'u8 *' {aka 'unsigned char *'} but argument is of type 'char *'
  814 | int XSpi_Transfer(XSpi *InstancePtr, u8 *SendBufPtr, u8 *RecvBufPtr,
      |                                      ~~~~^~~~~~~~~~
../src/AD9164_FMC.c:89:43: warning: pointer targets in passing argument 3 of 'XSpi_Transfer' differ in signedness [-Wpointer-sign]
   89 |     XSpi_Transfer(spiPtr, SAND_complete1, Global_AD9164_recv, AD9164_BUFFER_SIZE);
      |                                           ^~~~~~~~~~~~~~~~~~
      |                                           |
      |                                           char *
In file included from ../src/AD9164_FMC.c:4:
D:/DMTS/MOLIT_Shoe_Schaner/Development/FPGA/Signal_Source_Control/Vitis/Signal_Souce_Control_BD_wrapper/export/Signal_Souce_Control_BD_wrapper/sw/Signal_Souce_Control_BD_wrapper/standalone_microblaze_0/bspinclude/include/xspi.h:814:58: note: expected 'u8 *' {aka 'unsigned char *'} but argument is of type 'char *'
  814 | int XSpi_Transfer(XSpi *InstancePtr, u8 *SendBufPtr, u8 *RecvBufPtr,
      |                                                      ~~~~^~~~~~~~~~
../src/AD9164_FMC.c:93:27: warning: pointer targets in passing argument 2 of 'XSpi_Transfer' differ in signedness [-Wpointer-sign]
   93 |     XSpi_Transfer(spiPtr, FTH1_REGSTER1, Global_AD9164_recv, AD9164_BUFFER_SIZE);
      |                           ^~~~~~~~~~~~~
      |                           |
      |                           char *
In file included from ../src/AD9164_FMC.c:4:
D:/DMTS/MOLIT_Shoe_Schaner/Development/FPGA/Signal_Source_Control/Vitis/Signal_Souce_Control_BD_wrapper/export/Signal_Souce_Control_BD_wrapper/sw/Signal_Souce_Control_BD_wrapper/standalone_microblaze_0/bspinclude/include/xspi.h:814:42: note: expected 'u8 *' {aka 'unsigned char *'} but argument is of type 'char *'
  814 | int XSpi_Transfer(XSpi *InstancePtr, u8 *SendBufPtr, u8 *RecvBufPtr,
      |                                      ~~~~^~~~~~~~~~
../src/AD9164_FMC.c:93:42: warning: pointer targets in passing argument 3 of 'XSpi_Transfer' differ in signedness [-Wpointer-sign]
   93 |     XSpi_Transfer(spiPtr, FTH1_REGSTER1, Global_AD9164_recv, AD9164_BUFFER_SIZE);
      |                                          ^~~~~~~~~~~~~~~~~~
      |                                          |
      |                                          char *
In file included from ../src/AD9164_FMC.c:4:
D:/DMTS/MOLIT_Shoe_Schaner/Development/FPGA/Signal_Source_Control/Vitis/Signal_Souce_Control_BD_wrapper/export/Signal_Souce_Control_BD_wrapper/sw/Signal_Souce_Control_BD_wrapper/standalone_microblaze_0/bspinclude/include/xspi.h:814:58: note: expected 'u8 *' {aka 'unsigned char *'} but argument is of type 'char *'
  814 | int XSpi_Transfer(XSpi *InstancePtr, u8 *SendBufPtr, u8 *RecvBufPtr,
      |                                                      ~~~~^~~~~~~~~~
../src/AD9164_FMC.c:98:27: warning: pointer targets in passing argument 2 of 'XSpi_Transfer' differ in signedness [-Wpointer-sign]
   98 |     XSpi_Transfer(spiPtr, FTH1_REGSTER2, Global_AD9164_recv, AD9164_BUFFER_SIZE);
      |                           ^~~~~~~~~~~~~
      |                           |
      |                           char *
In file included from ../src/AD9164_FMC.c:4:
D:/DMTS/MOLIT_Shoe_Schaner/Development/FPGA/Signal_Source_Control/Vitis/Signal_Souce_Control_BD_wrapper/export/Signal_Souce_Control_BD_wrapper/sw/Signal_Souce_Control_BD_wrapper/standalone_microblaze_0/bspinclude/include/xspi.h:814:42: note: expected 'u8 *' {aka 'unsigned char *'} but argument is of type 'char *'
  814 | int XSpi_Transfer(XSpi *InstancePtr, u8 *SendBufPtr, u8 *RecvBufPtr,
      |                                      ~~~~^~~~~~~~~~
../src/AD9164_FMC.c:98:42: warning: pointer targets in passing argument 3 of 'XSpi_Transfer' differ in signedness [-Wpointer-sign]
   98 |     XSpi_Transfer(spiPtr, FTH1_REGSTER2, Global_AD9164_recv, AD9164_BUFFER_SIZE);
      |                                          ^~~~~~~~~~~~~~~~~~
      |                                          |
      |                                          char *
In file included from ../src/AD9164_FMC.c:4:
D:/DMTS/MOLIT_Shoe_Schaner/Development/FPGA/Signal_Source_Control/Vitis/Signal_Souce_Control_BD_wrapper/export/Signal_Souce_Control_BD_wrapper/sw/Signal_Souce_Control_BD_wrapper/standalone_microblaze_0/bspinclude/include/xspi.h:814:58: note: expected 'u8 *' {aka 'unsigned char *'} but argument is of type 'char *'
  814 | int XSpi_Transfer(XSpi *InstancePtr, u8 *SendBufPtr, u8 *RecvBufPtr,
      |                                                      ~~~~^~~~~~~~~~
../src/AD9164_FMC.c:103:27: warning: pointer targets in passing argument 2 of 'XSpi_Transfer' differ in signedness [-Wpointer-sign]
  103 |     XSpi_Transfer(spiPtr, FTH1_REGSTER3, Global_AD9164_recv, AD9164_BUFFER_SIZE);
      |                           ^~~~~~~~~~~~~
      |                           |
      |                           char *
In file included from ../src/AD9164_FMC.c:4:
D:/DMTS/MOLIT_Shoe_Schaner/Development/FPGA/Signal_Source_Control/Vitis/Signal_Souce_Control_BD_wrapper/export/Signal_Souce_Control_BD_wrapper/sw/Signal_Souce_Control_BD_wrapper/standalone_microblaze_0/bspinclude/include/xspi.h:814:42: note: expected 'u8 *' {aka 'unsigned char *'} but argument is of type 'char *'
  814 | int XSpi_Transfer(XSpi *InstancePtr, u8 *SendBufPtr, u8 *RecvBufPtr,
      |                                      ~~~~^~~~~~~~~~
../src/AD9164_FMC.c:103:42: warning: pointer targets in passing argument 3 of 'XSpi_Transfer' differ in signedness [-Wpointer-sign]
  103 |     XSpi_Transfer(spiPtr, FTH1_REGSTER3, Global_AD9164_recv, AD9164_BUFFER_SIZE);
      |                                          ^~~~~~~~~~~~~~~~~~
      |                                          |
      |                                          char *
In file included from ../src/AD9164_FMC.c:4:
D:/DMTS/MOLIT_Shoe_Schaner/Development/FPGA/Signal_Source_Control/Vitis/Signal_Souce_Control_BD_wrapper/export/Signal_Souce_Control_BD_wrapper/sw/Signal_Souce_Control_BD_wrapper/standalone_microblaze_0/bspinclude/include/xspi.h:814:58: note: expected 'u8 *' {aka 'unsigned char *'} but argument is of type 'char *'
  814 | int XSpi_Transfer(XSpi *InstancePtr, u8 *SendBufPtr, u8 *RecvBufPtr,
      |                                                      ~~~~^~~~~~~~~~
../src/AD9164_FMC.c:108:27: warning: pointer targets in passing argument 2 of 'XSpi_Transfer' differ in signedness [-Wpointer-sign]
  108 |     XSpi_Transfer(spiPtr, FTH1_REGSTER4, Global_AD9164_recv, AD9164_BUFFER_SIZE);
      |                           ^~~~~~~~~~~~~
      |                           |
      |                           char *
In file included from ../src/AD9164_FMC.c:4:
D:/DMTS/MOLIT_Shoe_Schaner/Development/FPGA/Signal_Source_Control/Vitis/Signal_Souce_Control_BD_wrapper/export/Signal_Souce_Control_BD_wrapper/sw/Signal_Souce_Control_BD_wrapper/standalone_microblaze_0/bspinclude/include/xspi.h:814:42: note: expected 'u8 *' {aka 'unsigned char *'} but argument is of type 'char *'
  814 | int XSpi_Transfer(XSpi *InstancePtr, u8 *SendBufPtr, u8 *RecvBufPtr,
      |                                      ~~~~^~~~~~~~~~
../src/AD9164_FMC.c:108:42: warning: pointer targets in passing argument 3 of 'XSpi_Transfer' differ in signedness [-Wpointer-sign]
  108 |     XSpi_Transfer(spiPtr, FTH1_REGSTER4, Global_AD9164_recv, AD9164_BUFFER_SIZE);
      |                                          ^~~~~~~~~~~~~~~~~~
      |                                          |
      |                                          char *
In file included from ../src/AD9164_FMC.c:4:
D:/DMTS/MOLIT_Shoe_Schaner/Development/FPGA/Signal_Source_Control/Vitis/Signal_Souce_Control_BD_wrapper/export/Signal_Souce_Control_BD_wrapper/sw/Signal_Souce_Control_BD_wrapper/standalone_microblaze_0/bspinclude/include/xspi.h:814:58: note: expected 'u8 *' {aka 'unsigned char *'} but argument is of type 'char *'
  814 | int XSpi_Transfer(XSpi *InstancePtr, u8 *SendBufPtr, u8 *RecvBufPtr,
      |                                                      ~~~~^~~~~~~~~~
../src/AD9164_FMC.c:113:27: warning: pointer targets in passing argument 2 of 'XSpi_Transfer' differ in signedness [-Wpointer-sign]
  113 |     XSpi_Transfer(spiPtr, SAND_complete1, Global_AD9164_recv, AD9164_BUFFER_SIZE);
      |                           ^~~~~~~~~~~~~~
      |                           |
      |                           char *
In file included from ../src/AD9164_FMC.c:4:
D:/DMTS/MOLIT_Shoe_Schaner/Development/FPGA/Signal_Source_Control/Vitis/Signal_Souce_Control_BD_wrapper/export/Signal_Souce_Control_BD_wrapper/sw/Signal_Souce_Control_BD_wrapper/standalone_microblaze_0/bspinclude/include/xspi.h:814:42: note: expected 'u8 *' {aka 'unsigned char *'} but argument is of type 'char *'
  814 | int XSpi_Transfer(XSpi *InstancePtr, u8 *SendBufPtr, u8 *RecvBufPtr,
      |                                      ~~~~^~~~~~~~~~
../src/AD9164_FMC.c:113:43: warning: pointer targets in passing argument 3 of 'XSpi_Transfer' differ in signedness [-Wpointer-sign]
  113 |     XSpi_Transfer(spiPtr, SAND_complete1, Global_AD9164_recv, AD9164_BUFFER_SIZE);
      |                                           ^~~~~~~~~~~~~~~~~~
      |                                           |
      |                                           char *
In file included from ../src/AD9164_FMC.c:4:
D:/DMTS/MOLIT_Shoe_Schaner/Development/FPGA/Signal_Source_Control/Vitis/Signal_Souce_Control_BD_wrapper/export/Signal_Souce_Control_BD_wrapper/sw/Signal_Souce_Control_BD_wrapper/standalone_microblaze_0/bspinclude/include/xspi.h:814:58: note: expected 'u8 *' {aka 'unsigned char *'} but argument is of type 'char *'
  814 | int XSpi_Transfer(XSpi *InstancePtr, u8 *SendBufPtr, u8 *RecvBufPtr,
      |                                                      ~~~~^~~~~~~~~~
../src/AD9164_FMC.c:118:27: warning: pointer targets in passing argument 2 of 'XSpi_Transfer' differ in signedness [-Wpointer-sign]
  118 |     XSpi_Transfer(spiPtr, SAND_complete2, Global_AD9164_recv, AD9164_BUFFER_SIZE);
      |                           ^~~~~~~~~~~~~~
      |                           |
      |                           char *
In file included from ../src/AD9164_FMC.c:4:
D:/DMTS/MOLIT_Shoe_Schaner/Development/FPGA/Signal_Source_Control/Vitis/Signal_Souce_Control_BD_wrapper/export/Signal_Souce_Control_BD_wrapper/sw/Signal_Souce_Control_BD_wrapper/standalone_microblaze_0/bspinclude/include/xspi.h:814:42: note: expected 'u8 *' {aka 'unsigned char *'} but argument is of type 'char *'
  814 | int XSpi_Transfer(XSpi *InstancePtr, u8 *SendBufPtr, u8 *RecvBufPtr,
      |                                      ~~~~^~~~~~~~~~
../src/AD9164_FMC.c:118:43: warning: pointer targets in passing argument 3 of 'XSpi_Transfer' differ in signedness [-Wpointer-sign]
  118 |     XSpi_Transfer(spiPtr, SAND_complete2, Global_AD9164_recv, AD9164_BUFFER_SIZE);
      |                                           ^~~~~~~~~~~~~~~~~~
      |                                           |
      |                                           char *
In file included from ../src/AD9164_FMC.c:4:
D:/DMTS/MOLIT_Shoe_Schaner/Development/FPGA/Signal_Source_Control/Vitis/Signal_Souce_Control_BD_wrapper/export/Signal_Souce_Control_BD_wrapper/sw/Signal_Souce_Control_BD_wrapper/standalone_microblaze_0/bspinclude/include/xspi.h:814:58: note: expected 'u8 *' {aka 'unsigned char *'} but argument is of type 'char *'
  814 | int XSpi_Transfer(XSpi *InstancePtr, u8 *SendBufPtr, u8 *RecvBufPtr,
      |                                                      ~~~~^~~~~~~~~~
../src/AD9164_FMC.c: In function 'SET_FTH1_OFF':
../src/AD9164_FMC.c:138:27: warning: pointer targets in passing argument 2 of 'XSpi_Transfer' differ in signedness [-Wpointer-sign]
  138 |     XSpi_Transfer(spiPtr, SAND_complete1, Global_AD9164_recv, AD9164_BUFFER_SIZE);
      |                           ^~~~~~~~~~~~~~
      |                           |
      |                           char *
In file included from ../src/AD9164_FMC.c:4:
D:/DMTS/MOLIT_Shoe_Schaner/Development/FPGA/Signal_Source_Control/Vitis/Signal_Souce_Control_BD_wrapper/export/Signal_Souce_Control_BD_wrapper/sw/Signal_Souce_Control_BD_wrapper/standalone_microblaze_0/bspinclude/include/xspi.h:814:42: note: expected 'u8 *' {aka 'unsigned char *'} but argument is of type 'char *'
  814 | int XSpi_Transfer(XSpi *InstancePtr, u8 *SendBufPtr, u8 *RecvBufPtr,
      |                                      ~~~~^~~~~~~~~~
../src/AD9164_FMC.c:138:43: warning: pointer targets in passing argument 3 of 'XSpi_Transfer' differ in signedness [-Wpointer-sign]
  138 |     XSpi_Transfer(spiPtr, SAND_complete1, Global_AD9164_recv, AD9164_BUFFER_SIZE);
      |                                           ^~~~~~~~~~~~~~~~~~
      |                                           |
      |                                           char *
In file included from ../src/AD9164_FMC.c:4:
D:/DMTS/MOLIT_Shoe_Schaner/Development/FPGA/Signal_Source_Control/Vitis/Signal_Souce_Control_BD_wrapper/export/Signal_Souce_Control_BD_wrapper/sw/Signal_Souce_Control_BD_wrapper/standalone_microblaze_0/bspinclude/include/xspi.h:814:58: note: expected 'u8 *' {aka 'unsigned char *'} but argument is of type 'char *'
  814 | int XSpi_Transfer(XSpi *InstancePtr, u8 *SendBufPtr, u8 *RecvBufPtr,
      |                                                      ~~~~^~~~~~~~~~
../src/AD9164_FMC.c:142:27: warning: pointer targets in passing argument 2 of 'XSpi_Transfer' differ in signedness [-Wpointer-sign]
  142 |     XSpi_Transfer(spiPtr, FTH1_REGSTER1, Global_AD9164_recv, AD9164_BUFFER_SIZE);
      |                           ^~~~~~~~~~~~~
      |                           |
      |                           char *
In file included from ../src/AD9164_FMC.c:4:
D:/DMTS/MOLIT_Shoe_Schaner/Development/FPGA/Signal_Source_Control/Vitis/Signal_Souce_Control_BD_wrapper/export/Signal_Souce_Control_BD_wrapper/sw/Signal_Souce_Control_BD_wrapper/standalone_microblaze_0/bspinclude/include/xspi.h:814:42: note: expected 'u8 *' {aka 'unsigned char *'} but argument is of type 'char *'
  814 | int XSpi_Transfer(XSpi *InstancePtr, u8 *SendBufPtr, u8 *RecvBufPtr,
      |                                      ~~~~^~~~~~~~~~
../src/AD9164_FMC.c:142:42: warning: pointer targets in passing argument 3 of 'XSpi_Transfer' differ in signedness [-Wpointer-sign]
  142 |     XSpi_Transfer(spiPtr, FTH1_REGSTER1, Global_AD9164_recv, AD9164_BUFFER_SIZE);
      |                                          ^~~~~~~~~~~~~~~~~~
      |                                          |
      |                                          char *
In file included from ../src/AD9164_FMC.c:4:
D:/DMTS/MOLIT_Shoe_Schaner/Development/FPGA/Signal_Source_Control/Vitis/Signal_Souce_Control_BD_wrapper/export/Signal_Souce_Control_BD_wrapper/sw/Signal_Souce_Control_BD_wrapper/standalone_microblaze_0/bspinclude/include/xspi.h:814:58: note: expected 'u8 *' {aka 'unsigned char *'} but argument is of type 'char *'
  814 | int XSpi_Transfer(XSpi *InstancePtr, u8 *SendBufPtr, u8 *RecvBufPtr,
      |                                                      ~~~~^~~~~~~~~~
../src/AD9164_FMC.c:147:27: warning: pointer targets in passing argument 2 of 'XSpi_Transfer' differ in signedness [-Wpointer-sign]
  147 |     XSpi_Transfer(spiPtr, FTH1_REGSTER2, Global_AD9164_recv, AD9164_BUFFER_SIZE);
      |                           ^~~~~~~~~~~~~
      |                           |
      |                           char *
In file included from ../src/AD9164_FMC.c:4:
D:/DMTS/MOLIT_Shoe_Schaner/Development/FPGA/Signal_Source_Control/Vitis/Signal_Souce_Control_BD_wrapper/export/Signal_Souce_Control_BD_wrapper/sw/Signal_Souce_Control_BD_wrapper/standalone_microblaze_0/bspinclude/include/xspi.h:814:42: note: expected 'u8 *' {aka 'unsigned char *'} but argument is of type 'char *'
  814 | int XSpi_Transfer(XSpi *InstancePtr, u8 *SendBufPtr, u8 *RecvBufPtr,
      |                                      ~~~~^~~~~~~~~~
../src/AD9164_FMC.c:147:42: warning: pointer targets in passing argument 3 of 'XSpi_Transfer' differ in signedness [-Wpointer-sign]
  147 |     XSpi_Transfer(spiPtr, FTH1_REGSTER2, Global_AD9164_recv, AD9164_BUFFER_SIZE);
      |                                          ^~~~~~~~~~~~~~~~~~
      |                                          |
      |                                          char *
In file included from ../src/AD9164_FMC.c:4:
D:/DMTS/MOLIT_Shoe_Schaner/Development/FPGA/Signal_Source_Control/Vitis/Signal_Souce_Control_BD_wrapper/export/Signal_Souce_Control_BD_wrapper/sw/Signal_Souce_Control_BD_wrapper/standalone_microblaze_0/bspinclude/include/xspi.h:814:58: note: expected 'u8 *' {aka 'unsigned char *'} but argument is of type 'char *'
  814 | int XSpi_Transfer(XSpi *InstancePtr, u8 *SendBufPtr, u8 *RecvBufPtr,
      |                                                      ~~~~^~~~~~~~~~
../src/AD9164_FMC.c:152:27: warning: pointer targets in passing argument 2 of 'XSpi_Transfer' differ in signedness [-Wpointer-sign]
  152 |     XSpi_Transfer(spiPtr, FTH1_REGSTER3, Global_AD9164_recv, AD9164_BUFFER_SIZE);
      |                           ^~~~~~~~~~~~~
      |                           |
      |                           char *
In file included from ../src/AD9164_FMC.c:4:
D:/DMTS/MOLIT_Shoe_Schaner/Development/FPGA/Signal_Source_Control/Vitis/Signal_Souce_Control_BD_wrapper/export/Signal_Souce_Control_BD_wrapper/sw/Signal_Souce_Control_BD_wrapper/standalone_microblaze_0/bspinclude/include/xspi.h:814:42: note: expected 'u8 *' {aka 'unsigned char *'} but argument is of type 'char *'
  814 | int XSpi_Transfer(XSpi *InstancePtr, u8 *SendBufPtr, u8 *RecvBufPtr,
      |                                      ~~~~^~~~~~~~~~
../src/AD9164_FMC.c:152:42: warning: pointer targets in passing argument 3 of 'XSpi_Transfer' differ in signedness [-Wpointer-sign]
  152 |     XSpi_Transfer(spiPtr, FTH1_REGSTER3, Global_AD9164_recv, AD9164_BUFFER_SIZE);
      |                                          ^~~~~~~~~~~~~~~~~~
      |                                          |
      |                                          char *
In file included from ../src/AD9164_FMC.c:4:
D:/DMTS/MOLIT_Shoe_Schaner/Development/FPGA/Signal_Source_Control/Vitis/Signal_Souce_Control_BD_wrapper/export/Signal_Souce_Control_BD_wrapper/sw/Signal_Souce_Control_BD_wrapper/standalone_microblaze_0/bspinclude/include/xspi.h:814:58: note: expected 'u8 *' {aka 'unsigned char *'} but argument is of type 'char *'
  814 | int XSpi_Transfer(XSpi *InstancePtr, u8 *SendBufPtr, u8 *RecvBufPtr,
      |                                                      ~~~~^~~~~~~~~~
../src/AD9164_FMC.c:157:27: warning: pointer targets in passing argument 2 of 'XSpi_Transfer' differ in signedness [-Wpointer-sign]
  157 |     XSpi_Transfer(spiPtr, FTH1_REGSTER4, Global_AD9164_recv, AD9164_BUFFER_SIZE);
      |                           ^~~~~~~~~~~~~
      |                           |
      |                           char *
In file included from ../src/AD9164_FMC.c:4:
D:/DMTS/MOLIT_Shoe_Schaner/Development/FPGA/Signal_Source_Control/Vitis/Signal_Souce_Control_BD_wrapper/export/Signal_Souce_Control_BD_wrapper/sw/Signal_Souce_Control_BD_wrapper/standalone_microblaze_0/bspinclude/include/xspi.h:814:42: note: expected 'u8 *' {aka 'unsigned char *'} but argument is of type 'char *'
  814 | int XSpi_Transfer(XSpi *InstancePtr, u8 *SendBufPtr, u8 *RecvBufPtr,
      |                                      ~~~~^~~~~~~~~~
../src/AD9164_FMC.c:157:42: warning: pointer targets in passing argument 3 of 'XSpi_Transfer' differ in signedness [-Wpointer-sign]
  157 |     XSpi_Transfer(spiPtr, FTH1_REGSTER4, Global_AD9164_recv, AD9164_BUFFER_SIZE);
      |                                          ^~~~~~~~~~~~~~~~~~
      |                                          |
      |                                          char *
In file included from ../src/AD9164_FMC.c:4:
D:/DMTS/MOLIT_Shoe_Schaner/Development/FPGA/Signal_Source_Control/Vitis/Signal_Souce_Control_BD_wrapper/export/Signal_Souce_Control_BD_wrapper/sw/Signal_Souce_Control_BD_wrapper/standalone_microblaze_0/bspinclude/include/xspi.h:814:58: note: expected 'u8 *' {aka 'unsigned char *'} but argument is of type 'char *'
  814 | int XSpi_Transfer(XSpi *InstancePtr, u8 *SendBufPtr, u8 *RecvBufPtr,
      |                                                      ~~~~^~~~~~~~~~
../src/AD9164_FMC.c:162:27: warning: pointer targets in passing argument 2 of 'XSpi_Transfer' differ in signedness [-Wpointer-sign]
  162 |     XSpi_Transfer(spiPtr, SAND_complete1, Global_AD9164_recv, AD9164_BUFFER_SIZE);
      |                           ^~~~~~~~~~~~~~
      |                           |
      |                           char *
In file included from ../src/AD9164_FMC.c:4:
D:/DMTS/MOLIT_Shoe_Schaner/Development/FPGA/Signal_Source_Control/Vitis/Signal_Souce_Control_BD_wrapper/export/Signal_Souce_Control_BD_wrapper/sw/Signal_Souce_Control_BD_wrapper/standalone_microblaze_0/bspinclude/include/xspi.h:814:42: note: expected 'u8 *' {aka 'unsigned char *'} but argument is of type 'char *'
  814 | int XSpi_Transfer(XSpi *InstancePtr, u8 *SendBufPtr, u8 *RecvBufPtr,
      |                                      ~~~~^~~~~~~~~~
../src/AD9164_FMC.c:162:43: warning: pointer targets in passing argument 3 of 'XSpi_Transfer' differ in signedness [-Wpointer-sign]
  162 |     XSpi_Transfer(spiPtr, SAND_complete1, Global_AD9164_recv, AD9164_BUFFER_SIZE);
      |                                           ^~~~~~~~~~~~~~~~~~
      |                                           |
      |                                           char *
In file included from ../src/AD9164_FMC.c:4:
D:/DMTS/MOLIT_Shoe_Schaner/Development/FPGA/Signal_Source_Control/Vitis/Signal_Souce_Control_BD_wrapper/export/Signal_Souce_Control_BD_wrapper/sw/Signal_Souce_Control_BD_wrapper/standalone_microblaze_0/bspinclude/include/xspi.h:814:58: note: expected 'u8 *' {aka 'unsigned char *'} but argument is of type 'char *'
  814 | int XSpi_Transfer(XSpi *InstancePtr, u8 *SendBufPtr, u8 *RecvBufPtr,
      |                                                      ~~~~^~~~~~~~~~
../src/AD9164_FMC.c:167:27: warning: pointer targets in passing argument 2 of 'XSpi_Transfer' differ in signedness [-Wpointer-sign]
  167 |     XSpi_Transfer(spiPtr, SAND_complete2, Global_AD9164_recv, AD9164_BUFFER_SIZE);
      |                           ^~~~~~~~~~~~~~
      |                           |
      |                           char *
In file included from ../src/AD9164_FMC.c:4:
D:/DMTS/MOLIT_Shoe_Schaner/Development/FPGA/Signal_Source_Control/Vitis/Signal_Souce_Control_BD_wrapper/export/Signal_Souce_Control_BD_wrapper/sw/Signal_Souce_Control_BD_wrapper/standalone_microblaze_0/bspinclude/include/xspi.h:814:42: note: expected 'u8 *' {aka 'unsigned char *'} but argument is of type 'char *'
  814 | int XSpi_Transfer(XSpi *InstancePtr, u8 *SendBufPtr, u8 *RecvBufPtr,
      |                                      ~~~~^~~~~~~~~~
../src/AD9164_FMC.c:167:43: warning: pointer targets in passing argument 3 of 'XSpi_Transfer' differ in signedness [-Wpointer-sign]
  167 |     XSpi_Transfer(spiPtr, SAND_complete2, Global_AD9164_recv, AD9164_BUFFER_SIZE);
      |                                           ^~~~~~~~~~~~~~~~~~
      |                                           |
      |                                           char *
In file included from ../src/AD9164_FMC.c:4:
D:/DMTS/MOLIT_Shoe_Schaner/Development/FPGA/Signal_Source_Control/Vitis/Signal_Souce_Control_BD_wrapper/export/Signal_Souce_Control_BD_wrapper/sw/Signal_Souce_Control_BD_wrapper/standalone_microblaze_0/bspinclude/include/xspi.h:814:58: note: expected 'u8 *' {aka 'unsigned char *'} but argument is of type 'char *'
  814 | int XSpi_Transfer(XSpi *InstancePtr, u8 *SendBufPtr, u8 *RecvBufPtr,
      |                                                      ~~~~^~~~~~~~~~
../src/AD9164_FMC.c: In function 'SET_FTH1_100MHZ':
../src/AD9164_FMC.c:187:27: warning: pointer targets in passing argument 2 of 'XSpi_Transfer' differ in signedness [-Wpointer-sign]
  187 |     XSpi_Transfer(spiPtr, SAND_complete1, Global_AD9164_recv, AD9164_BUFFER_SIZE);
      |                           ^~~~~~~~~~~~~~
      |                           |
      |                           char *
In file included from ../src/AD9164_FMC.c:4:
D:/DMTS/MOLIT_Shoe_Schaner/Development/FPGA/Signal_Source_Control/Vitis/Signal_Souce_Control_BD_wrapper/export/Signal_Souce_Control_BD_wrapper/sw/Signal_Souce_Control_BD_wrapper/standalone_microblaze_0/bspinclude/include/xspi.h:814:42: note: expected 'u8 *' {aka 'unsigned char *'} but argument is of type 'char *'
  814 | int XSpi_Transfer(XSpi *InstancePtr, u8 *SendBufPtr, u8 *RecvBufPtr,
      |                                      ~~~~^~~~~~~~~~
../src/AD9164_FMC.c:187:43: warning: pointer targets in passing argument 3 of 'XSpi_Transfer' differ in signedness [-Wpointer-sign]
  187 |     XSpi_Transfer(spiPtr, SAND_complete1, Global_AD9164_recv, AD9164_BUFFER_SIZE);
      |                                           ^~~~~~~~~~~~~~~~~~
      |                                           |
      |                                           char *
In file included from ../src/AD9164_FMC.c:4:
D:/DMTS/MOLIT_Shoe_Schaner/Development/FPGA/Signal_Source_Control/Vitis/Signal_Souce_Control_BD_wrapper/export/Signal_Souce_Control_BD_wrapper/sw/Signal_Souce_Control_BD_wrapper/standalone_microblaze_0/bspinclude/include/xspi.h:814:58: note: expected 'u8 *' {aka 'unsigned char *'} but argument is of type 'char *'
  814 | int XSpi_Transfer(XSpi *InstancePtr, u8 *SendBufPtr, u8 *RecvBufPtr,
      |                                                      ~~~~^~~~~~~~~~
../src/AD9164_FMC.c:191:27: warning: pointer targets in passing argument 2 of 'XSpi_Transfer' differ in signedness [-Wpointer-sign]
  191 |     XSpi_Transfer(spiPtr, FTH1_REGSTER1, Global_AD9164_recv, AD9164_BUFFER_SIZE);
      |                           ^~~~~~~~~~~~~
      |                           |
      |                           char *
In file included from ../src/AD9164_FMC.c:4:
D:/DMTS/MOLIT_Shoe_Schaner/Development/FPGA/Signal_Source_Control/Vitis/Signal_Souce_Control_BD_wrapper/export/Signal_Souce_Control_BD_wrapper/sw/Signal_Souce_Control_BD_wrapper/standalone_microblaze_0/bspinclude/include/xspi.h:814:42: note: expected 'u8 *' {aka 'unsigned char *'} but argument is of type 'char *'
  814 | int XSpi_Transfer(XSpi *InstancePtr, u8 *SendBufPtr, u8 *RecvBufPtr,
      |                                      ~~~~^~~~~~~~~~
../src/AD9164_FMC.c:191:42: warning: pointer targets in passing argument 3 of 'XSpi_Transfer' differ in signedness [-Wpointer-sign]
  191 |     XSpi_Transfer(spiPtr, FTH1_REGSTER1, Global_AD9164_recv, AD9164_BUFFER_SIZE);
      |                                          ^~~~~~~~~~~~~~~~~~
      |                                          |
      |                                          char *
In file included from ../src/AD9164_FMC.c:4:
D:/DMTS/MOLIT_Shoe_Schaner/Development/FPGA/Signal_Source_Control/Vitis/Signal_Souce_Control_BD_wrapper/export/Signal_Souce_Control_BD_wrapper/sw/Signal_Souce_Control_BD_wrapper/standalone_microblaze_0/bspinclude/include/xspi.h:814:58: note: expected 'u8 *' {aka 'unsigned char *'} but argument is of type 'char *'
  814 | int XSpi_Transfer(XSpi *InstancePtr, u8 *SendBufPtr, u8 *RecvBufPtr,
      |                                                      ~~~~^~~~~~~~~~
../src/AD9164_FMC.c:196:27: warning: pointer targets in passing argument 2 of 'XSpi_Transfer' differ in signedness [-Wpointer-sign]
  196 |     XSpi_Transfer(spiPtr, FTH1_REGSTER2, Global_AD9164_recv, AD9164_BUFFER_SIZE);
      |                           ^~~~~~~~~~~~~
      |                           |
      |                           char *
In file included from ../src/AD9164_FMC.c:4:
D:/DMTS/MOLIT_Shoe_Schaner/Development/FPGA/Signal_Source_Control/Vitis/Signal_Souce_Control_BD_wrapper/export/Signal_Souce_Control_BD_wrapper/sw/Signal_Souce_Control_BD_wrapper/standalone_microblaze_0/bspinclude/include/xspi.h:814:42: note: expected 'u8 *' {aka 'unsigned char *'} but argument is of type 'char *'
  814 | int XSpi_Transfer(XSpi *InstancePtr, u8 *SendBufPtr, u8 *RecvBufPtr,
      |                                      ~~~~^~~~~~~~~~
../src/AD9164_FMC.c:196:42: warning: pointer targets in passing argument 3 of 'XSpi_Transfer' differ in signedness [-Wpointer-sign]
  196 |     XSpi_Transfer(spiPtr, FTH1_REGSTER2, Global_AD9164_recv, AD9164_BUFFER_SIZE);
      |                                          ^~~~~~~~~~~~~~~~~~
      |                                          |
      |                                          char *
In file included from ../src/AD9164_FMC.c:4:
D:/DMTS/MOLIT_Shoe_Schaner/Development/FPGA/Signal_Source_Control/Vitis/Signal_Souce_Control_BD_wrapper/export/Signal_Souce_Control_BD_wrapper/sw/Signal_Souce_Control_BD_wrapper/standalone_microblaze_0/bspinclude/include/xspi.h:814:58: note: expected 'u8 *' {aka 'unsigned char *'} but argument is of type 'char *'
  814 | int XSpi_Transfer(XSpi *InstancePtr, u8 *SendBufPtr, u8 *RecvBufPtr,
      |                                                      ~~~~^~~~~~~~~~
../src/AD9164_FMC.c:201:27: warning: pointer targets in passing argument 2 of 'XSpi_Transfer' differ in signedness [-Wpointer-sign]
  201 |     XSpi_Transfer(spiPtr, FTH1_REGSTER3, Global_AD9164_recv, AD9164_BUFFER_SIZE);
      |                           ^~~~~~~~~~~~~
      |                           |
      |                           char *
In file included from ../src/AD9164_FMC.c:4:
D:/DMTS/MOLIT_Shoe_Schaner/Development/FPGA/Signal_Source_Control/Vitis/Signal_Souce_Control_BD_wrapper/export/Signal_Souce_Control_BD_wrapper/sw/Signal_Souce_Control_BD_wrapper/standalone_microblaze_0/bspinclude/include/xspi.h:814:42: note: expected 'u8 *' {aka 'unsigned char *'} but argument is of type 'char *'
  814 | int XSpi_Transfer(XSpi *InstancePtr, u8 *SendBufPtr, u8 *RecvBufPtr,
      |                                      ~~~~^~~~~~~~~~
../src/AD9164_FMC.c:201:42: warning: pointer targets in passing argument 3 of 'XSpi_Transfer' differ in signedness [-Wpointer-sign]
  201 |     XSpi_Transfer(spiPtr, FTH1_REGSTER3, Global_AD9164_recv, AD9164_BUFFER_SIZE);
      |                                          ^~~~~~~~~~~~~~~~~~
      |                                          |
      |                                          char *
In file included from ../src/AD9164_FMC.c:4:
D:/DMTS/MOLIT_Shoe_Schaner/Development/FPGA/Signal_Source_Control/Vitis/Signal_Souce_Control_BD_wrapper/export/Signal_Souce_Control_BD_wrapper/sw/Signal_Souce_Control_BD_wrapper/standalone_microblaze_0/bspinclude/include/xspi.h:814:58: note: expected 'u8 *' {aka 'unsigned char *'} but argument is of type 'char *'
  814 | int XSpi_Transfer(XSpi *InstancePtr, u8 *SendBufPtr, u8 *RecvBufPtr,
      |                                                      ~~~~^~~~~~~~~~
../src/AD9164_FMC.c:206:27: warning: pointer targets in passing argument 2 of 'XSpi_Transfer' differ in signedness [-Wpointer-sign]
  206 |     XSpi_Transfer(spiPtr, FTH1_REGSTER4, Global_AD9164_recv, AD9164_BUFFER_SIZE);
      |                           ^~~~~~~~~~~~~
      |                           |
      |                           char *
In file included from ../src/AD9164_FMC.c:4:
D:/DMTS/MOLIT_Shoe_Schaner/Development/FPGA/Signal_Source_Control/Vitis/Signal_Souce_Control_BD_wrapper/export/Signal_Souce_Control_BD_wrapper/sw/Signal_Souce_Control_BD_wrapper/standalone_microblaze_0/bspinclude/include/xspi.h:814:42: note: expected 'u8 *' {aka 'unsigned char *'} but argument is of type 'char *'
  814 | int XSpi_Transfer(XSpi *InstancePtr, u8 *SendBufPtr, u8 *RecvBufPtr,
      |                                      ~~~~^~~~~~~~~~
../src/AD9164_FMC.c:206:42: warning: pointer targets in passing argument 3 of 'XSpi_Transfer' differ in signedness [-Wpointer-sign]
  206 |     XSpi_Transfer(spiPtr, FTH1_REGSTER4, Global_AD9164_recv, AD9164_BUFFER_SIZE);
      |                                          ^~~~~~~~~~~~~~~~~~
      |                                          |
      |                                          char *
In file included from ../src/AD9164_FMC.c:4:
D:/DMTS/MOLIT_Shoe_Schaner/Development/FPGA/Signal_Source_Control/Vitis/Signal_Souce_Control_BD_wrapper/export/Signal_Souce_Control_BD_wrapper/sw/Signal_Souce_Control_BD_wrapper/standalone_microblaze_0/bspinclude/include/xspi.h:814:58: note: expected 'u8 *' {aka 'unsigned char *'} but argument is of type 'char *'
  814 | int XSpi_Transfer(XSpi *InstancePtr, u8 *SendBufPtr, u8 *RecvBufPtr,
      |                                                      ~~~~^~~~~~~~~~
../src/AD9164_FMC.c:211:27: warning: pointer targets in passing argument 2 of 'XSpi_Transfer' differ in signedness [-Wpointer-sign]
  211 |     XSpi_Transfer(spiPtr, SAND_complete1, Global_AD9164_recv, AD9164_BUFFER_SIZE);
      |                           ^~~~~~~~~~~~~~
      |                           |
      |                           char *
In file included from ../src/AD9164_FMC.c:4:
D:/DMTS/MOLIT_Shoe_Schaner/Development/FPGA/Signal_Source_Control/Vitis/Signal_Souce_Control_BD_wrapper/export/Signal_Souce_Control_BD_wrapper/sw/Signal_Souce_Control_BD_wrapper/standalone_microblaze_0/bspinclude/include/xspi.h:814:42: note: expected 'u8 *' {aka 'unsigned char *'} but argument is of type 'char *'
  814 | int XSpi_Transfer(XSpi *InstancePtr, u8 *SendBufPtr, u8 *RecvBufPtr,
      |                                      ~~~~^~~~~~~~~~
../src/AD9164_FMC.c:211:43: warning: pointer targets in passing argument 3 of 'XSpi_Transfer' differ in signedness [-Wpointer-sign]
  211 |     XSpi_Transfer(spiPtr, SAND_complete1, Global_AD9164_recv, AD9164_BUFFER_SIZE);
      |                                           ^~~~~~~~~~~~~~~~~~
      |                                           |
      |                                           char *
In file included from ../src/AD9164_FMC.c:4:
D:/DMTS/MOLIT_Shoe_Schaner/Development/FPGA/Signal_Source_Control/Vitis/Signal_Souce_Control_BD_wrapper/export/Signal_Souce_Control_BD_wrapper/sw/Signal_Souce_Control_BD_wrapper/standalone_microblaze_0/bspinclude/include/xspi.h:814:58: note: expected 'u8 *' {aka 'unsigned char *'} but argument is of type 'char *'
  814 | int XSpi_Transfer(XSpi *InstancePtr, u8 *SendBufPtr, u8 *RecvBufPtr,
      |                                                      ~~~~^~~~~~~~~~
../src/AD9164_FMC.c:216:27: warning: pointer targets in passing argument 2 of 'XSpi_Transfer' differ in signedness [-Wpointer-sign]
  216 |     XSpi_Transfer(spiPtr, SAND_complete2, Global_AD9164_recv, AD9164_BUFFER_SIZE);
      |                           ^~~~~~~~~~~~~~
      |                           |
      |                           char *
In file included from ../src/AD9164_FMC.c:4:
D:/DMTS/MOLIT_Shoe_Schaner/Development/FPGA/Signal_Source_Control/Vitis/Signal_Souce_Control_BD_wrapper/export/Signal_Souce_Control_BD_wrapper/sw/Signal_Souce_Control_BD_wrapper/standalone_microblaze_0/bspinclude/include/xspi.h:814:42: note: expected 'u8 *' {aka 'unsigned char *'} but argument is of type 'char *'
  814 | int XSpi_Transfer(XSpi *InstancePtr, u8 *SendBufPtr, u8 *RecvBufPtr,
      |                                      ~~~~^~~~~~~~~~
../src/AD9164_FMC.c:216:43: warning: pointer targets in passing argument 3 of 'XSpi_Transfer' differ in signedness [-Wpointer-sign]
  216 |     XSpi_Transfer(spiPtr, SAND_complete2, Global_AD9164_recv, AD9164_BUFFER_SIZE);
      |                                           ^~~~~~~~~~~~~~~~~~
      |                                           |
      |                                           char *
In file included from ../src/AD9164_FMC.c:4:
D:/DMTS/MOLIT_Shoe_Schaner/Development/FPGA/Signal_Source_Control/Vitis/Signal_Souce_Control_BD_wrapper/export/Signal_Souce_Control_BD_wrapper/sw/Signal_Souce_Control_BD_wrapper/standalone_microblaze_0/bspinclude/include/xspi.h:814:58: note: expected 'u8 *' {aka 'unsigned char *'} but argument is of type 'char *'
  814 | int XSpi_Transfer(XSpi *InstancePtr, u8 *SendBufPtr, u8 *RecvBufPtr,
      |                                                      ~~~~^~~~~~~~~~
../src/AD9164_FMC.c: In function 'SET_FTH1_1GHZ':
../src/AD9164_FMC.c:236:27: warning: pointer targets in passing argument 2 of 'XSpi_Transfer' differ in signedness [-Wpointer-sign]
  236 |     XSpi_Transfer(spiPtr, FTH_SEL_REGSTER, Global_AD9164_recv, AD9164_BUFFER_SIZE);
      |                           ^~~~~~~~~~~~~~~
      |                           |
      |                           char *
In file included from ../src/AD9164_FMC.c:4:
D:/DMTS/MOLIT_Shoe_Schaner/Development/FPGA/Signal_Source_Control/Vitis/Signal_Souce_Control_BD_wrapper/export/Signal_Souce_Control_BD_wrapper/sw/Signal_Souce_Control_BD_wrapper/standalone_microblaze_0/bspinclude/include/xspi.h:814:42: note: expected 'u8 *' {aka 'unsigned char *'} but argument is of type 'char *'
  814 | int XSpi_Transfer(XSpi *InstancePtr, u8 *SendBufPtr, u8 *RecvBufPtr,
      |                                      ~~~~^~~~~~~~~~
../src/AD9164_FMC.c:236:44: warning: pointer targets in passing argument 3 of 'XSpi_Transfer' differ in signedness [-Wpointer-sign]
  236 |     XSpi_Transfer(spiPtr, FTH_SEL_REGSTER, Global_AD9164_recv, AD9164_BUFFER_SIZE);
      |                                            ^~~~~~~~~~~~~~~~~~
      |                                            |
      |                                            char *
In file included from ../src/AD9164_FMC.c:4:
D:/DMTS/MOLIT_Shoe_Schaner/Development/FPGA/Signal_Source_Control/Vitis/Signal_Souce_Control_BD_wrapper/export/Signal_Souce_Control_BD_wrapper/sw/Signal_Souce_Control_BD_wrapper/standalone_microblaze_0/bspinclude/include/xspi.h:814:58: note: expected 'u8 *' {aka 'unsigned char *'} but argument is of type 'char *'
  814 | int XSpi_Transfer(XSpi *InstancePtr, u8 *SendBufPtr, u8 *RecvBufPtr,
      |                                                      ~~~~^~~~~~~~~~
../src/AD9164_FMC.c:241:27: warning: pointer targets in passing argument 2 of 'XSpi_Transfer' differ in signedness [-Wpointer-sign]
  241 |     XSpi_Transfer(spiPtr, SAND_complete1, Global_AD9164_recv, AD9164_BUFFER_SIZE);
      |                           ^~~~~~~~~~~~~~
      |                           |
      |                           char *
In file included from ../src/AD9164_FMC.c:4:
D:/DMTS/MOLIT_Shoe_Schaner/Development/FPGA/Signal_Source_Control/Vitis/Signal_Souce_Control_BD_wrapper/export/Signal_Souce_Control_BD_wrapper/sw/Signal_Souce_Control_BD_wrapper/standalone_microblaze_0/bspinclude/include/xspi.h:814:42: note: expected 'u8 *' {aka 'unsigned char *'} but argument is of type 'char *'
  814 | int XSpi_Transfer(XSpi *InstancePtr, u8 *SendBufPtr, u8 *RecvBufPtr,
      |                                      ~~~~^~~~~~~~~~
../src/AD9164_FMC.c:241:43: warning: pointer targets in passing argument 3 of 'XSpi_Transfer' differ in signedness [-Wpointer-sign]
  241 |     XSpi_Transfer(spiPtr, SAND_complete1, Global_AD9164_recv, AD9164_BUFFER_SIZE);
      |                                           ^~~~~~~~~~~~~~~~~~
      |                                           |
      |                                           char *
In file included from ../src/AD9164_FMC.c:4:
D:/DMTS/MOLIT_Shoe_Schaner/Development/FPGA/Signal_Source_Control/Vitis/Signal_Souce_Control_BD_wrapper/export/Signal_Souce_Control_BD_wrapper/sw/Signal_Souce_Control_BD_wrapper/standalone_microblaze_0/bspinclude/include/xspi.h:814:58: note: expected 'u8 *' {aka 'unsigned char *'} but argument is of type 'char *'
  814 | int XSpi_Transfer(XSpi *InstancePtr, u8 *SendBufPtr, u8 *RecvBufPtr,
      |                                                      ~~~~^~~~~~~~~~
../src/AD9164_FMC.c:245:27: warning: pointer targets in passing argument 2 of 'XSpi_Transfer' differ in signedness [-Wpointer-sign]
  245 |     XSpi_Transfer(spiPtr, FTH1_REGSTER1, Global_AD9164_recv, AD9164_BUFFER_SIZE);
      |                           ^~~~~~~~~~~~~
      |                           |
      |                           char *
In file included from ../src/AD9164_FMC.c:4:
D:/DMTS/MOLIT_Shoe_Schaner/Development/FPGA/Signal_Source_Control/Vitis/Signal_Souce_Control_BD_wrapper/export/Signal_Souce_Control_BD_wrapper/sw/Signal_Souce_Control_BD_wrapper/standalone_microblaze_0/bspinclude/include/xspi.h:814:42: note: expected 'u8 *' {aka 'unsigned char *'} but argument is of type 'char *'
  814 | int XSpi_Transfer(XSpi *InstancePtr, u8 *SendBufPtr, u8 *RecvBufPtr,
      |                                      ~~~~^~~~~~~~~~
../src/AD9164_FMC.c:245:42: warning: pointer targets in passing argument 3 of 'XSpi_Transfer' differ in signedness [-Wpointer-sign]
  245 |     XSpi_Transfer(spiPtr, FTH1_REGSTER1, Global_AD9164_recv, AD9164_BUFFER_SIZE);
      |                                          ^~~~~~~~~~~~~~~~~~
      |                                          |
      |                                          char *
In file included from ../src/AD9164_FMC.c:4:
D:/DMTS/MOLIT_Shoe_Schaner/Development/FPGA/Signal_Source_Control/Vitis/Signal_Souce_Control_BD_wrapper/export/Signal_Souce_Control_BD_wrapper/sw/Signal_Souce_Control_BD_wrapper/standalone_microblaze_0/bspinclude/include/xspi.h:814:58: note: expected 'u8 *' {aka 'unsigned char *'} but argument is of type 'char *'
  814 | int XSpi_Transfer(XSpi *InstancePtr, u8 *SendBufPtr, u8 *RecvBufPtr,
      |                                                      ~~~~^~~~~~~~~~
../src/AD9164_FMC.c:250:27: warning: pointer targets in passing argument 2 of 'XSpi_Transfer' differ in signedness [-Wpointer-sign]
  250 |     XSpi_Transfer(spiPtr, FTH1_REGSTER2, Global_AD9164_recv, AD9164_BUFFER_SIZE);
      |                           ^~~~~~~~~~~~~
      |                           |
      |                           char *
In file included from ../src/AD9164_FMC.c:4:
D:/DMTS/MOLIT_Shoe_Schaner/Development/FPGA/Signal_Source_Control/Vitis/Signal_Souce_Control_BD_wrapper/export/Signal_Souce_Control_BD_wrapper/sw/Signal_Souce_Control_BD_wrapper/standalone_microblaze_0/bspinclude/include/xspi.h:814:42: note: expected 'u8 *' {aka 'unsigned char *'} but argument is of type 'char *'
  814 | int XSpi_Transfer(XSpi *InstancePtr, u8 *SendBufPtr, u8 *RecvBufPtr,
      |                                      ~~~~^~~~~~~~~~
../src/AD9164_FMC.c:250:42: warning: pointer targets in passing argument 3 of 'XSpi_Transfer' differ in signedness [-Wpointer-sign]
  250 |     XSpi_Transfer(spiPtr, FTH1_REGSTER2, Global_AD9164_recv, AD9164_BUFFER_SIZE);
      |                                          ^~~~~~~~~~~~~~~~~~
      |                                          |
      |                                          char *
In file included from ../src/AD9164_FMC.c:4:
D:/DMTS/MOLIT_Shoe_Schaner/Development/FPGA/Signal_Source_Control/Vitis/Signal_Souce_Control_BD_wrapper/export/Signal_Souce_Control_BD_wrapper/sw/Signal_Souce_Control_BD_wrapper/standalone_microblaze_0/bspinclude/include/xspi.h:814:58: note: expected 'u8 *' {aka 'unsigned char *'} but argument is of type 'char *'
  814 | int XSpi_Transfer(XSpi *InstancePtr, u8 *SendBufPtr, u8 *RecvBufPtr,
      |                                                      ~~~~^~~~~~~~~~
../src/AD9164_FMC.c:255:27: warning: pointer targets in passing argument 2 of 'XSpi_Transfer' differ in signedness [-Wpointer-sign]
  255 |     XSpi_Transfer(spiPtr, FTH1_REGSTER3, Global_AD9164_recv, AD9164_BUFFER_SIZE);
      |                           ^~~~~~~~~~~~~
      |                           |
      |                           char *
In file included from ../src/AD9164_FMC.c:4:
D:/DMTS/MOLIT_Shoe_Schaner/Development/FPGA/Signal_Source_Control/Vitis/Signal_Souce_Control_BD_wrapper/export/Signal_Souce_Control_BD_wrapper/sw/Signal_Souce_Control_BD_wrapper/standalone_microblaze_0/bspinclude/include/xspi.h:814:42: note: expected 'u8 *' {aka 'unsigned char *'} but argument is of type 'char *'
  814 | int XSpi_Transfer(XSpi *InstancePtr, u8 *SendBufPtr, u8 *RecvBufPtr,
      |                                      ~~~~^~~~~~~~~~
../src/AD9164_FMC.c:255:42: warning: pointer targets in passing argument 3 of 'XSpi_Transfer' differ in signedness [-Wpointer-sign]
  255 |     XSpi_Transfer(spiPtr, FTH1_REGSTER3, Global_AD9164_recv, AD9164_BUFFER_SIZE);
      |                                          ^~~~~~~~~~~~~~~~~~
      |                                          |
      |                                          char *
In file included from ../src/AD9164_FMC.c:4:
D:/DMTS/MOLIT_Shoe_Schaner/Development/FPGA/Signal_Source_Control/Vitis/Signal_Souce_Control_BD_wrapper/export/Signal_Souce_Control_BD_wrapper/sw/Signal_Souce_Control_BD_wrapper/standalone_microblaze_0/bspinclude/include/xspi.h:814:58: note: expected 'u8 *' {aka 'unsigned char *'} but argument is of type 'char *'
  814 | int XSpi_Transfer(XSpi *InstancePtr, u8 *SendBufPtr, u8 *RecvBufPtr,
      |                                                      ~~~~^~~~~~~~~~
../src/AD9164_FMC.c:260:27: warning: pointer targets in passing argument 2 of 'XSpi_Transfer' differ in signedness [-Wpointer-sign]
  260 |     XSpi_Transfer(spiPtr, FTH1_REGSTER4, Global_AD9164_recv, AD9164_BUFFER_SIZE);
      |                           ^~~~~~~~~~~~~
      |                           |
      |                           char *
In file included from ../src/AD9164_FMC.c:4:
D:/DMTS/MOLIT_Shoe_Schaner/Development/FPGA/Signal_Source_Control/Vitis/Signal_Souce_Control_BD_wrapper/export/Signal_Souce_Control_BD_wrapper/sw/Signal_Souce_Control_BD_wrapper/standalone_microblaze_0/bspinclude/include/xspi.h:814:42: note: expected 'u8 *' {aka 'unsigned char *'} but argument is of type 'char *'
  814 | int XSpi_Transfer(XSpi *InstancePtr, u8 *SendBufPtr, u8 *RecvBufPtr,
      |                                      ~~~~^~~~~~~~~~
../src/AD9164_FMC.c:260:42: warning: pointer targets in passing argument 3 of 'XSpi_Transfer' differ in signedness [-Wpointer-sign]
  260 |     XSpi_Transfer(spiPtr, FTH1_REGSTER4, Global_AD9164_recv, AD9164_BUFFER_SIZE);
      |                                          ^~~~~~~~~~~~~~~~~~
      |                                          |
      |                                          char *
In file included from ../src/AD9164_FMC.c:4:
D:/DMTS/MOLIT_Shoe_Schaner/Development/FPGA/Signal_Source_Control/Vitis/Signal_Souce_Control_BD_wrapper/export/Signal_Souce_Control_BD_wrapper/sw/Signal_Souce_Control_BD_wrapper/standalone_microblaze_0/bspinclude/include/xspi.h:814:58: note: expected 'u8 *' {aka 'unsigned char *'} but argument is of type 'char *'
  814 | int XSpi_Transfer(XSpi *InstancePtr, u8 *SendBufPtr, u8 *RecvBufPtr,
      |                                                      ~~~~^~~~~~~~~~
../src/AD9164_FMC.c:265:27: warning: pointer targets in passing argument 2 of 'XSpi_Transfer' differ in signedness [-Wpointer-sign]
  265 |     XSpi_Transfer(spiPtr, SAND_complete1, Global_AD9164_recv, AD9164_BUFFER_SIZE);
      |                           ^~~~~~~~~~~~~~
      |                           |
      |                           char *
In file included from ../src/AD9164_FMC.c:4:
D:/DMTS/MOLIT_Shoe_Schaner/Development/FPGA/Signal_Source_Control/Vitis/Signal_Souce_Control_BD_wrapper/export/Signal_Souce_Control_BD_wrapper/sw/Signal_Souce_Control_BD_wrapper/standalone_microblaze_0/bspinclude/include/xspi.h:814:42: note: expected 'u8 *' {aka 'unsigned char *'} but argument is of type 'char *'
  814 | int XSpi_Transfer(XSpi *InstancePtr, u8 *SendBufPtr, u8 *RecvBufPtr,
      |                                      ~~~~^~~~~~~~~~
../src/AD9164_FMC.c:265:43: warning: pointer targets in passing argument 3 of 'XSpi_Transfer' differ in signedness [-Wpointer-sign]
  265 |     XSpi_Transfer(spiPtr, SAND_complete1, Global_AD9164_recv, AD9164_BUFFER_SIZE);
      |                                           ^~~~~~~~~~~~~~~~~~
      |                                           |
      |                                           char *
In file included from ../src/AD9164_FMC.c:4:
D:/DMTS/MOLIT_Shoe_Schaner/Development/FPGA/Signal_Source_Control/Vitis/Signal_Souce_Control_BD_wrapper/export/Signal_Souce_Control_BD_wrapper/sw/Signal_Souce_Control_BD_wrapper/standalone_microblaze_0/bspinclude/include/xspi.h:814:58: note: expected 'u8 *' {aka 'unsigned char *'} but argument is of type 'char *'
  814 | int XSpi_Transfer(XSpi *InstancePtr, u8 *SendBufPtr, u8 *RecvBufPtr,
      |                                                      ~~~~^~~~~~~~~~
../src/AD9164_FMC.c:270:27: warning: pointer targets in passing argument 2 of 'XSpi_Transfer' differ in signedness [-Wpointer-sign]
  270 |     XSpi_Transfer(spiPtr, SAND_complete2, Global_AD9164_recv, AD9164_BUFFER_SIZE);
      |                           ^~~~~~~~~~~~~~
      |                           |
      |                           char *
In file included from ../src/AD9164_FMC.c:4:
D:/DMTS/MOLIT_Shoe_Schaner/Development/FPGA/Signal_Source_Control/Vitis/Signal_Souce_Control_BD_wrapper/export/Signal_Souce_Control_BD_wrapper/sw/Signal_Souce_Control_BD_wrapper/standalone_microblaze_0/bspinclude/include/xspi.h:814:42: note: expected 'u8 *' {aka 'unsigned char *'} but argument is of type 'char *'
  814 | int XSpi_Transfer(XSpi *InstancePtr, u8 *SendBufPtr, u8 *RecvBufPtr,
      |                                      ~~~~^~~~~~~~~~
../src/AD9164_FMC.c:270:43: warning: pointer targets in passing argument 3 of 'XSpi_Transfer' differ in signedness [-Wpointer-sign]
  270 |     XSpi_Transfer(spiPtr, SAND_complete2, Global_AD9164_recv, AD9164_BUFFER_SIZE);
      |                                           ^~~~~~~~~~~~~~~~~~
      |                                           |
      |                                           char *
In file included from ../src/AD9164_FMC.c:4:
D:/DMTS/MOLIT_Shoe_Schaner/Development/FPGA/Signal_Source_Control/Vitis/Signal_Souce_Control_BD_wrapper/export/Signal_Souce_Control_BD_wrapper/sw/Signal_Souce_Control_BD_wrapper/standalone_microblaze_0/bspinclude/include/xspi.h:814:58: note: expected 'u8 *' {aka 'unsigned char *'} but argument is of type 'char *'
  814 | int XSpi_Transfer(XSpi *InstancePtr, u8 *SendBufPtr, u8 *RecvBufPtr,
      |                                                      ~~~~^~~~~~~~~~
../src/AD9164_FMC.c: In function 'SET_Dual_FTH1_1GHZ':
../src/AD9164_FMC.c:293:27: warning: pointer targets in passing argument 2 of 'XSpi_Transfer' differ in signedness [-Wpointer-sign]
  293 |     XSpi_Transfer(spiPtr, FTH_SEL_REGSTER, Global_AD9164_recv, AD9164_BUFFER_SIZE);
      |                           ^~~~~~~~~~~~~~~
      |                           |
      |                           char *
In file included from ../src/AD9164_FMC.c:4:
D:/DMTS/MOLIT_Shoe_Schaner/Development/FPGA/Signal_Source_Control/Vitis/Signal_Souce_Control_BD_wrapper/export/Signal_Souce_Control_BD_wrapper/sw/Signal_Souce_Control_BD_wrapper/standalone_microblaze_0/bspinclude/include/xspi.h:814:42: note: expected 'u8 *' {aka 'unsigned char *'} but argument is of type 'char *'
  814 | int XSpi_Transfer(XSpi *InstancePtr, u8 *SendBufPtr, u8 *RecvBufPtr,
      |                                      ~~~~^~~~~~~~~~
../src/AD9164_FMC.c:293:44: warning: pointer targets in passing argument 3 of 'XSpi_Transfer' differ in signedness [-Wpointer-sign]
  293 |     XSpi_Transfer(spiPtr, FTH_SEL_REGSTER, Global_AD9164_recv, AD9164_BUFFER_SIZE);
      |                                            ^~~~~~~~~~~~~~~~~~
      |                                            |
      |                                            char *
In file included from ../src/AD9164_FMC.c:4:
D:/DMTS/MOLIT_Shoe_Schaner/Development/FPGA/Signal_Source_Control/Vitis/Signal_Souce_Control_BD_wrapper/export/Signal_Souce_Control_BD_wrapper/sw/Signal_Souce_Control_BD_wrapper/standalone_microblaze_0/bspinclude/include/xspi.h:814:58: note: expected 'u8 *' {aka 'unsigned char *'} but argument is of type 'char *'
  814 | int XSpi_Transfer(XSpi *InstancePtr, u8 *SendBufPtr, u8 *RecvBufPtr,
      |                                                      ~~~~^~~~~~~~~~
../src/AD9164_FMC.c:294:28: warning: pointer targets in passing argument 2 of 'XSpi_Transfer' differ in signedness [-Wpointer-sign]
  294 |     XSpi_Transfer(spiPtr2, FTH_SEL_REGSTER, Global_AD9164_recv, AD9164_BUFFER_SIZE);
      |                            ^~~~~~~~~~~~~~~
      |                            |
      |                            char *
In file included from ../src/AD9164_FMC.c:4:
D:/DMTS/MOLIT_Shoe_Schaner/Development/FPGA/Signal_Source_Control/Vitis/Signal_Souce_Control_BD_wrapper/export/Signal_Souce_Control_BD_wrapper/sw/Signal_Souce_Control_BD_wrapper/standalone_microblaze_0/bspinclude/include/xspi.h:814:42: note: expected 'u8 *' {aka 'unsigned char *'} but argument is of type 'char *'
  814 | int XSpi_Transfer(XSpi *InstancePtr, u8 *SendBufPtr, u8 *RecvBufPtr,
      |                                      ~~~~^~~~~~~~~~
../src/AD9164_FMC.c:294:45: warning: pointer targets in passing argument 3 of 'XSpi_Transfer' differ in signedness [-Wpointer-sign]
  294 |     XSpi_Transfer(spiPtr2, FTH_SEL_REGSTER, Global_AD9164_recv, AD9164_BUFFER_SIZE);
      |                                             ^~~~~~~~~~~~~~~~~~
      |                                             |
      |                                             char *
In file included from ../src/AD9164_FMC.c:4:
D:/DMTS/MOLIT_Shoe_Schaner/Development/FPGA/Signal_Source_Control/Vitis/Signal_Souce_Control_BD_wrapper/export/Signal_Souce_Control_BD_wrapper/sw/Signal_Souce_Control_BD_wrapper/standalone_microblaze_0/bspinclude/include/xspi.h:814:58: note: expected 'u8 *' {aka 'unsigned char *'} but argument is of type 'char *'
  814 | int XSpi_Transfer(XSpi *InstancePtr, u8 *SendBufPtr, u8 *RecvBufPtr,
      |                                                      ~~~~^~~~~~~~~~
../src/AD9164_FMC.c:299:27: warning: pointer targets in passing argument 2 of 'XSpi_Transfer' differ in signedness [-Wpointer-sign]
  299 |     XSpi_Transfer(spiPtr, SAND_complete1, Global_AD9164_recv, AD9164_BUFFER_SIZE);
      |                           ^~~~~~~~~~~~~~
      |                           |
      |                           char *
In file included from ../src/AD9164_FMC.c:4:
D:/DMTS/MOLIT_Shoe_Schaner/Development/FPGA/Signal_Source_Control/Vitis/Signal_Souce_Control_BD_wrapper/export/Signal_Souce_Control_BD_wrapper/sw/Signal_Souce_Control_BD_wrapper/standalone_microblaze_0/bspinclude/include/xspi.h:814:42: note: expected 'u8 *' {aka 'unsigned char *'} but argument is of type 'char *'
  814 | int XSpi_Transfer(XSpi *InstancePtr, u8 *SendBufPtr, u8 *RecvBufPtr,
      |                                      ~~~~^~~~~~~~~~
../src/AD9164_FMC.c:299:43: warning: pointer targets in passing argument 3 of 'XSpi_Transfer' differ in signedness [-Wpointer-sign]
  299 |     XSpi_Transfer(spiPtr, SAND_complete1, Global_AD9164_recv, AD9164_BUFFER_SIZE);
      |                                           ^~~~~~~~~~~~~~~~~~
      |                                           |
      |                                           char *
In file included from ../src/AD9164_FMC.c:4:
D:/DMTS/MOLIT_Shoe_Schaner/Development/FPGA/Signal_Source_Control/Vitis/Signal_Souce_Control_BD_wrapper/export/Signal_Souce_Control_BD_wrapper/sw/Signal_Souce_Control_BD_wrapper/standalone_microblaze_0/bspinclude/include/xspi.h:814:58: note: expected 'u8 *' {aka 'unsigned char *'} but argument is of type 'char *'
  814 | int XSpi_Transfer(XSpi *InstancePtr, u8 *SendBufPtr, u8 *RecvBufPtr,
      |                                                      ~~~~^~~~~~~~~~
../src/AD9164_FMC.c:300:28: warning: pointer targets in passing argument 2 of 'XSpi_Transfer' differ in signedness [-Wpointer-sign]
  300 |     XSpi_Transfer(spiPtr2, SAND_complete1, Global_AD9164_recv, AD9164_BUFFER_SIZE);
      |                            ^~~~~~~~~~~~~~
      |                            |
      |                            char *
In file included from ../src/AD9164_FMC.c:4:
D:/DMTS/MOLIT_Shoe_Schaner/Development/FPGA/Signal_Source_Control/Vitis/Signal_Souce_Control_BD_wrapper/export/Signal_Souce_Control_BD_wrapper/sw/Signal_Souce_Control_BD_wrapper/standalone_microblaze_0/bspinclude/include/xspi.h:814:42: note: expected 'u8 *' {aka 'unsigned char *'} but argument is of type 'char *'
  814 | int XSpi_Transfer(XSpi *InstancePtr, u8 *SendBufPtr, u8 *RecvBufPtr,
      |                                      ~~~~^~~~~~~~~~
../src/AD9164_FMC.c:300:44: warning: pointer targets in passing argument 3 of 'XSpi_Transfer' differ in signedness [-Wpointer-sign]
  300 |     XSpi_Transfer(spiPtr2, SAND_complete1, Global_AD9164_recv, AD9164_BUFFER_SIZE);
      |                                            ^~~~~~~~~~~~~~~~~~
      |                                            |
      |                                            char *
In file included from ../src/AD9164_FMC.c:4:
D:/DMTS/MOLIT_Shoe_Schaner/Development/FPGA/Signal_Source_Control/Vitis/Signal_Souce_Control_BD_wrapper/export/Signal_Souce_Control_BD_wrapper/sw/Signal_Souce_Control_BD_wrapper/standalone_microblaze_0/bspinclude/include/xspi.h:814:58: note: expected 'u8 *' {aka 'unsigned char *'} but argument is of type 'char *'
  814 | int XSpi_Transfer(XSpi *InstancePtr, u8 *SendBufPtr, u8 *RecvBufPtr,
      |                                                      ~~~~^~~~~~~~~~
../src/AD9164_FMC.c:304:27: warning: pointer targets in passing argument 2 of 'XSpi_Transfer' differ in signedness [-Wpointer-sign]
  304 |     XSpi_Transfer(spiPtr, FTH1_REGSTER1, Global_AD9164_recv, AD9164_BUFFER_SIZE);
      |                           ^~~~~~~~~~~~~
      |                           |
      |                           char *
In file included from ../src/AD9164_FMC.c:4:
D:/DMTS/MOLIT_Shoe_Schaner/Development/FPGA/Signal_Source_Control/Vitis/Signal_Souce_Control_BD_wrapper/export/Signal_Souce_Control_BD_wrapper/sw/Signal_Souce_Control_BD_wrapper/standalone_microblaze_0/bspinclude/include/xspi.h:814:42: note: expected 'u8 *' {aka 'unsigned char *'} but argument is of type 'char *'
  814 | int XSpi_Transfer(XSpi *InstancePtr, u8 *SendBufPtr, u8 *RecvBufPtr,
      |                                      ~~~~^~~~~~~~~~
../src/AD9164_FMC.c:304:42: warning: pointer targets in passing argument 3 of 'XSpi_Transfer' differ in signedness [-Wpointer-sign]
  304 |     XSpi_Transfer(spiPtr, FTH1_REGSTER1, Global_AD9164_recv, AD9164_BUFFER_SIZE);
      |                                          ^~~~~~~~~~~~~~~~~~
      |                                          |
      |                                          char *
In file included from ../src/AD9164_FMC.c:4:
D:/DMTS/MOLIT_Shoe_Schaner/Development/FPGA/Signal_Source_Control/Vitis/Signal_Souce_Control_BD_wrapper/export/Signal_Souce_Control_BD_wrapper/sw/Signal_Souce_Control_BD_wrapper/standalone_microblaze_0/bspinclude/include/xspi.h:814:58: note: expected 'u8 *' {aka 'unsigned char *'} but argument is of type 'char *'
  814 | int XSpi_Transfer(XSpi *InstancePtr, u8 *SendBufPtr, u8 *RecvBufPtr,
      |                                                      ~~~~^~~~~~~~~~
../src/AD9164_FMC.c:305:28: warning: pointer targets in passing argument 2 of 'XSpi_Transfer' differ in signedness [-Wpointer-sign]
  305 |     XSpi_Transfer(spiPtr2, FTH1_REGSTER1, Global_AD9164_recv, AD9164_BUFFER_SIZE);
      |                            ^~~~~~~~~~~~~
      |                            |
      |                            char *
In file included from ../src/AD9164_FMC.c:4:
D:/DMTS/MOLIT_Shoe_Schaner/Development/FPGA/Signal_Source_Control/Vitis/Signal_Souce_Control_BD_wrapper/export/Signal_Souce_Control_BD_wrapper/sw/Signal_Souce_Control_BD_wrapper/standalone_microblaze_0/bspinclude/include/xspi.h:814:42: note: expected 'u8 *' {aka 'unsigned char *'} but argument is of type 'char *'
  814 | int XSpi_Transfer(XSpi *InstancePtr, u8 *SendBufPtr, u8 *RecvBufPtr,
      |                                      ~~~~^~~~~~~~~~
../src/AD9164_FMC.c:305:43: warning: pointer targets in passing argument 3 of 'XSpi_Transfer' differ in signedness [-Wpointer-sign]
  305 |     XSpi_Transfer(spiPtr2, FTH1_REGSTER1, Global_AD9164_recv, AD9164_BUFFER_SIZE);
      |                                           ^~~~~~~~~~~~~~~~~~
      |                                           |
      |                                           char *
In file included from ../src/AD9164_FMC.c:4:
D:/DMTS/MOLIT_Shoe_Schaner/Development/FPGA/Signal_Source_Control/Vitis/Signal_Souce_Control_BD_wrapper/export/Signal_Souce_Control_BD_wrapper/sw/Signal_Souce_Control_BD_wrapper/standalone_microblaze_0/bspinclude/include/xspi.h:814:58: note: expected 'u8 *' {aka 'unsigned char *'} but argument is of type 'char *'
  814 | int XSpi_Transfer(XSpi *InstancePtr, u8 *SendBufPtr, u8 *RecvBufPtr,
      |                                                      ~~~~^~~~~~~~~~
../src/AD9164_FMC.c:310:27: warning: pointer targets in passing argument 2 of 'XSpi_Transfer' differ in signedness [-Wpointer-sign]
  310 |     XSpi_Transfer(spiPtr, FTH1_REGSTER2, Global_AD9164_recv, AD9164_BUFFER_SIZE);
      |                           ^~~~~~~~~~~~~
      |                           |
      |                           char *
In file included from ../src/AD9164_FMC.c:4:
D:/DMTS/MOLIT_Shoe_Schaner/Development/FPGA/Signal_Source_Control/Vitis/Signal_Souce_Control_BD_wrapper/export/Signal_Souce_Control_BD_wrapper/sw/Signal_Souce_Control_BD_wrapper/standalone_microblaze_0/bspinclude/include/xspi.h:814:42: note: expected 'u8 *' {aka 'unsigned char *'} but argument is of type 'char *'
  814 | int XSpi_Transfer(XSpi *InstancePtr, u8 *SendBufPtr, u8 *RecvBufPtr,
      |                                      ~~~~^~~~~~~~~~
../src/AD9164_FMC.c:310:42: warning: pointer targets in passing argument 3 of 'XSpi_Transfer' differ in signedness [-Wpointer-sign]
  310 |     XSpi_Transfer(spiPtr, FTH1_REGSTER2, Global_AD9164_recv, AD9164_BUFFER_SIZE);
      |                                          ^~~~~~~~~~~~~~~~~~
      |                                          |
      |                                          char *
In file included from ../src/AD9164_FMC.c:4:
D:/DMTS/MOLIT_Shoe_Schaner/Development/FPGA/Signal_Source_Control/Vitis/Signal_Souce_Control_BD_wrapper/export/Signal_Souce_Control_BD_wrapper/sw/Signal_Souce_Control_BD_wrapper/standalone_microblaze_0/bspinclude/include/xspi.h:814:58: note: expected 'u8 *' {aka 'unsigned char *'} but argument is of type 'char *'
  814 | int XSpi_Transfer(XSpi *InstancePtr, u8 *SendBufPtr, u8 *RecvBufPtr,
      |                                                      ~~~~^~~~~~~~~~
../src/AD9164_FMC.c:311:28: warning: pointer targets in passing argument 2 of 'XSpi_Transfer' differ in signedness [-Wpointer-sign]
  311 |     XSpi_Transfer(spiPtr2, FTH1_REGSTER2, Global_AD9164_recv, AD9164_BUFFER_SIZE);
      |                            ^~~~~~~~~~~~~
      |                            |
      |                            char *
In file included from ../src/AD9164_FMC.c:4:
D:/DMTS/MOLIT_Shoe_Schaner/Development/FPGA/Signal_Source_Control/Vitis/Signal_Souce_Control_BD_wrapper/export/Signal_Souce_Control_BD_wrapper/sw/Signal_Souce_Control_BD_wrapper/standalone_microblaze_0/bspinclude/include/xspi.h:814:42: note: expected 'u8 *' {aka 'unsigned char *'} but argument is of type 'char *'
  814 | int XSpi_Transfer(XSpi *InstancePtr, u8 *SendBufPtr, u8 *RecvBufPtr,
      |                                      ~~~~^~~~~~~~~~
../src/AD9164_FMC.c:311:43: warning: pointer targets in passing argument 3 of 'XSpi_Transfer' differ in signedness [-Wpointer-sign]
  311 |     XSpi_Transfer(spiPtr2, FTH1_REGSTER2, Global_AD9164_recv, AD9164_BUFFER_SIZE);
      |                                           ^~~~~~~~~~~~~~~~~~
      |                                           |
      |                                           char *
In file included from ../src/AD9164_FMC.c:4:
D:/DMTS/MOLIT_Shoe_Schaner/Development/FPGA/Signal_Source_Control/Vitis/Signal_Souce_Control_BD_wrapper/export/Signal_Souce_Control_BD_wrapper/sw/Signal_Souce_Control_BD_wrapper/standalone_microblaze_0/bspinclude/include/xspi.h:814:58: note: expected 'u8 *' {aka 'unsigned char *'} but argument is of type 'char *'
  814 | int XSpi_Transfer(XSpi *InstancePtr, u8 *SendBufPtr, u8 *RecvBufPtr,
      |                                                      ~~~~^~~~~~~~~~
../src/AD9164_FMC.c:316:27: warning: pointer targets in passing argument 2 of 'XSpi_Transfer' differ in signedness [-Wpointer-sign]
  316 |     XSpi_Transfer(spiPtr, FTH1_REGSTER3, Global_AD9164_recv, AD9164_BUFFER_SIZE);
      |                           ^~~~~~~~~~~~~
      |                           |
      |                           char *
In file included from ../src/AD9164_FMC.c:4:
D:/DMTS/MOLIT_Shoe_Schaner/Development/FPGA/Signal_Source_Control/Vitis/Signal_Souce_Control_BD_wrapper/export/Signal_Souce_Control_BD_wrapper/sw/Signal_Souce_Control_BD_wrapper/standalone_microblaze_0/bspinclude/include/xspi.h:814:42: note: expected 'u8 *' {aka 'unsigned char *'} but argument is of type 'char *'
  814 | int XSpi_Transfer(XSpi *InstancePtr, u8 *SendBufPtr, u8 *RecvBufPtr,
      |                                      ~~~~^~~~~~~~~~
../src/AD9164_FMC.c:316:42: warning: pointer targets in passing argument 3 of 'XSpi_Transfer' differ in signedness [-Wpointer-sign]
  316 |     XSpi_Transfer(spiPtr, FTH1_REGSTER3, Global_AD9164_recv, AD9164_BUFFER_SIZE);
      |                                          ^~~~~~~~~~~~~~~~~~
      |                                          |
      |                                          char *
In file included from ../src/AD9164_FMC.c:4:
D:/DMTS/MOLIT_Shoe_Schaner/Development/FPGA/Signal_Source_Control/Vitis/Signal_Souce_Control_BD_wrapper/export/Signal_Souce_Control_BD_wrapper/sw/Signal_Souce_Control_BD_wrapper/standalone_microblaze_0/bspinclude/include/xspi.h:814:58: note: expected 'u8 *' {aka 'unsigned char *'} but argument is of type 'char *'
  814 | int XSpi_Transfer(XSpi *InstancePtr, u8 *SendBufPtr, u8 *RecvBufPtr,
      |                                                      ~~~~^~~~~~~~~~
../src/AD9164_FMC.c:317:28: warning: pointer targets in passing argument 2 of 'XSpi_Transfer' differ in signedness [-Wpointer-sign]
  317 |     XSpi_Transfer(spiPtr2, FTH1_REGSTER3, Global_AD9164_recv, AD9164_BUFFER_SIZE);
      |                            ^~~~~~~~~~~~~
      |                            |
      |                            char *
In file included from ../src/AD9164_FMC.c:4:
D:/DMTS/MOLIT_Shoe_Schaner/Development/FPGA/Signal_Source_Control/Vitis/Signal_Souce_Control_BD_wrapper/export/Signal_Souce_Control_BD_wrapper/sw/Signal_Souce_Control_BD_wrapper/standalone_microblaze_0/bspinclude/include/xspi.h:814:42: note: expected 'u8 *' {aka 'unsigned char *'} but argument is of type 'char *'
  814 | int XSpi_Transfer(XSpi *InstancePtr, u8 *SendBufPtr, u8 *RecvBufPtr,
      |                                      ~~~~^~~~~~~~~~
../src/AD9164_FMC.c:317:43: warning: pointer targets in passing argument 3 of 'XSpi_Transfer' differ in signedness [-Wpointer-sign]
  317 |     XSpi_Transfer(spiPtr2, FTH1_REGSTER3, Global_AD9164_recv, AD9164_BUFFER_SIZE);
      |                                           ^~~~~~~~~~~~~~~~~~
      |                                           |
      |                                           char *
In file included from ../src/AD9164_FMC.c:4:
D:/DMTS/MOLIT_Shoe_Schaner/Development/FPGA/Signal_Source_Control/Vitis/Signal_Souce_Control_BD_wrapper/export/Signal_Souce_Control_BD_wrapper/sw/Signal_Souce_Control_BD_wrapper/standalone_microblaze_0/bspinclude/include/xspi.h:814:58: note: expected 'u8 *' {aka 'unsigned char *'} but argument is of type 'char *'
  814 | int XSpi_Transfer(XSpi *InstancePtr, u8 *SendBufPtr, u8 *RecvBufPtr,
      |                                                      ~~~~^~~~~~~~~~
../src/AD9164_FMC.c:322:27: warning: pointer targets in passing argument 2 of 'XSpi_Transfer' differ in signedness [-Wpointer-sign]
  322 |     XSpi_Transfer(spiPtr, FTH1_REGSTER4, Global_AD9164_recv, AD9164_BUFFER_SIZE);
      |                           ^~~~~~~~~~~~~
      |                           |
      |                           char *
In file included from ../src/AD9164_FMC.c:4:
D:/DMTS/MOLIT_Shoe_Schaner/Development/FPGA/Signal_Source_Control/Vitis/Signal_Souce_Control_BD_wrapper/export/Signal_Souce_Control_BD_wrapper/sw/Signal_Souce_Control_BD_wrapper/standalone_microblaze_0/bspinclude/include/xspi.h:814:42: note: expected 'u8 *' {aka 'unsigned char *'} but argument is of type 'char *'
  814 | int XSpi_Transfer(XSpi *InstancePtr, u8 *SendBufPtr, u8 *RecvBufPtr,
      |                                      ~~~~^~~~~~~~~~
../src/AD9164_FMC.c:322:42: warning: pointer targets in passing argument 3 of 'XSpi_Transfer' differ in signedness [-Wpointer-sign]
  322 |     XSpi_Transfer(spiPtr, FTH1_REGSTER4, Global_AD9164_recv, AD9164_BUFFER_SIZE);
      |                                          ^~~~~~~~~~~~~~~~~~
      |                                          |
      |                                          char *
In file included from ../src/AD9164_FMC.c:4:
D:/DMTS/MOLIT_Shoe_Schaner/Development/FPGA/Signal_Source_Control/Vitis/Signal_Souce_Control_BD_wrapper/export/Signal_Souce_Control_BD_wrapper/sw/Signal_Souce_Control_BD_wrapper/standalone_microblaze_0/bspinclude/include/xspi.h:814:58: note: expected 'u8 *' {aka 'unsigned char *'} but argument is of type 'char *'
  814 | int XSpi_Transfer(XSpi *InstancePtr, u8 *SendBufPtr, u8 *RecvBufPtr,
      |                                                      ~~~~^~~~~~~~~~
../src/AD9164_FMC.c:323:28: warning: pointer targets in passing argument 2 of 'XSpi_Transfer' differ in signedness [-Wpointer-sign]
  323 |     XSpi_Transfer(spiPtr2, FTH1_REGSTER4, Global_AD9164_recv, AD9164_BUFFER_SIZE);
      |                            ^~~~~~~~~~~~~
      |                            |
      |                            char *
In file included from ../src/AD9164_FMC.c:4:
D:/DMTS/MOLIT_Shoe_Schaner/Development/FPGA/Signal_Source_Control/Vitis/Signal_Souce_Control_BD_wrapper/export/Signal_Souce_Control_BD_wrapper/sw/Signal_Souce_Control_BD_wrapper/standalone_microblaze_0/bspinclude/include/xspi.h:814:42: note: expected 'u8 *' {aka 'unsigned char *'} but argument is of type 'char *'
  814 | int XSpi_Transfer(XSpi *InstancePtr, u8 *SendBufPtr, u8 *RecvBufPtr,
      |                                      ~~~~^~~~~~~~~~
../src/AD9164_FMC.c:323:43: warning: pointer targets in passing argument 3 of 'XSpi_Transfer' differ in signedness [-Wpointer-sign]
  323 |     XSpi_Transfer(spiPtr2, FTH1_REGSTER4, Global_AD9164_recv, AD9164_BUFFER_SIZE);
      |                                           ^~~~~~~~~~~~~~~~~~
      |                                           |
      |                                           char *
In file included from ../src/AD9164_FMC.c:4:
D:/DMTS/MOLIT_Shoe_Schaner/Development/FPGA/Signal_Source_Control/Vitis/Signal_Souce_Control_BD_wrapper/export/Signal_Souce_Control_BD_wrapper/sw/Signal_Souce_Control_BD_wrapper/standalone_microblaze_0/bspinclude/include/xspi.h:814:58: note: expected 'u8 *' {aka 'unsigned char *'} but argument is of type 'char *'
  814 | int XSpi_Transfer(XSpi *InstancePtr, u8 *SendBufPtr, u8 *RecvBufPtr,
      |                                                      ~~~~^~~~~~~~~~
../src/AD9164_FMC.c:328:27: warning: pointer targets in passing argument 2 of 'XSpi_Transfer' differ in signedness [-Wpointer-sign]
  328 |     XSpi_Transfer(spiPtr, SAND_complete1, Global_AD9164_recv, AD9164_BUFFER_SIZE);
      |                           ^~~~~~~~~~~~~~
      |                           |
      |                           char *
In file included from ../src/AD9164_FMC.c:4:
D:/DMTS/MOLIT_Shoe_Schaner/Development/FPGA/Signal_Source_Control/Vitis/Signal_Souce_Control_BD_wrapper/export/Signal_Souce_Control_BD_wrapper/sw/Signal_Souce_Control_BD_wrapper/standalone_microblaze_0/bspinclude/include/xspi.h:814:42: note: expected 'u8 *' {aka 'unsigned char *'} but argument is of type 'char *'
  814 | int XSpi_Transfer(XSpi *InstancePtr, u8 *SendBufPtr, u8 *RecvBufPtr,
      |                                      ~~~~^~~~~~~~~~
../src/AD9164_FMC.c:328:43: warning: pointer targets in passing argument 3 of 'XSpi_Transfer' differ in signedness [-Wpointer-sign]
  328 |     XSpi_Transfer(spiPtr, SAND_complete1, Global_AD9164_recv, AD9164_BUFFER_SIZE);
      |                                           ^~~~~~~~~~~~~~~~~~
      |                                           |
      |                                           char *
In file included from ../src/AD9164_FMC.c:4:
D:/DMTS/MOLIT_Shoe_Schaner/Development/FPGA/Signal_Source_Control/Vitis/Signal_Souce_Control_BD_wrapper/export/Signal_Souce_Control_BD_wrapper/sw/Signal_Souce_Control_BD_wrapper/standalone_microblaze_0/bspinclude/include/xspi.h:814:58: note: expected 'u8 *' {aka 'unsigned char *'} but argument is of type 'char *'
  814 | int XSpi_Transfer(XSpi *InstancePtr, u8 *SendBufPtr, u8 *RecvBufPtr,
      |                                                      ~~~~^~~~~~~~~~
../src/AD9164_FMC.c:329:28: warning: pointer targets in passing argument 2 of 'XSpi_Transfer' differ in signedness [-Wpointer-sign]
  329 |     XSpi_Transfer(spiPtr2, SAND_complete1, Global_AD9164_recv, AD9164_BUFFER_SIZE);
      |                            ^~~~~~~~~~~~~~
      |                            |
      |                            char *
In file included from ../src/AD9164_FMC.c:4:
D:/DMTS/MOLIT_Shoe_Schaner/Development/FPGA/Signal_Source_Control/Vitis/Signal_Souce_Control_BD_wrapper/export/Signal_Souce_Control_BD_wrapper/sw/Signal_Souce_Control_BD_wrapper/standalone_microblaze_0/bspinclude/include/xspi.h:814:42: note: expected 'u8 *' {aka 'unsigned char *'} but argument is of type 'char *'
  814 | int XSpi_Transfer(XSpi *InstancePtr, u8 *SendBufPtr, u8 *RecvBufPtr,
      |                                      ~~~~^~~~~~~~~~
../src/AD9164_FMC.c:329:44: warning: pointer targets in passing argument 3 of 'XSpi_Transfer' differ in signedness [-Wpointer-sign]
  329 |     XSpi_Transfer(spiPtr2, SAND_complete1, Global_AD9164_recv, AD9164_BUFFER_SIZE);
      |                                            ^~~~~~~~~~~~~~~~~~
      |                                            |
      |                                            char *
In file included from ../src/AD9164_FMC.c:4:
D:/DMTS/MOLIT_Shoe_Schaner/Development/FPGA/Signal_Source_Control/Vitis/Signal_Souce_Control_BD_wrapper/export/Signal_Souce_Control_BD_wrapper/sw/Signal_Souce_Control_BD_wrapper/standalone_microblaze_0/bspinclude/include/xspi.h:814:58: note: expected 'u8 *' {aka 'unsigned char *'} but argument is of type 'char *'
  814 | int XSpi_Transfer(XSpi *InstancePtr, u8 *SendBufPtr, u8 *RecvBufPtr,
      |                                                      ~~~~^~~~~~~~~~
../src/AD9164_FMC.c:334:27: warning: pointer targets in passing argument 2 of 'XSpi_Transfer' differ in signedness [-Wpointer-sign]
  334 |     XSpi_Transfer(spiPtr, SAND_complete2, Global_AD9164_recv, AD9164_BUFFER_SIZE);
      |                           ^~~~~~~~~~~~~~
      |                           |
      |                           char *
In file included from ../src/AD9164_FMC.c:4:
D:/DMTS/MOLIT_Shoe_Schaner/Development/FPGA/Signal_Source_Control/Vitis/Signal_Souce_Control_BD_wrapper/export/Signal_Souce_Control_BD_wrapper/sw/Signal_Souce_Control_BD_wrapper/standalone_microblaze_0/bspinclude/include/xspi.h:814:42: note: expected 'u8 *' {aka 'unsigned char *'} but argument is of type 'char *'
  814 | int XSpi_Transfer(XSpi *InstancePtr, u8 *SendBufPtr, u8 *RecvBufPtr,
      |                                      ~~~~^~~~~~~~~~
../src/AD9164_FMC.c:334:43: warning: pointer targets in passing argument 3 of 'XSpi_Transfer' differ in signedness [-Wpointer-sign]
  334 |     XSpi_Transfer(spiPtr, SAND_complete2, Global_AD9164_recv, AD9164_BUFFER_SIZE);
      |                                           ^~~~~~~~~~~~~~~~~~
      |                                           |
      |                                           char *
In file included from ../src/AD9164_FMC.c:4:
D:/DMTS/MOLIT_Shoe_Schaner/Development/FPGA/Signal_Source_Control/Vitis/Signal_Souce_Control_BD_wrapper/export/Signal_Souce_Control_BD_wrapper/sw/Signal_Souce_Control_BD_wrapper/standalone_microblaze_0/bspinclude/include/xspi.h:814:58: note: expected 'u8 *' {aka 'unsigned char *'} but argument is of type 'char *'
  814 | int XSpi_Transfer(XSpi *InstancePtr, u8 *SendBufPtr, u8 *RecvBufPtr,
      |                                                      ~~~~^~~~~~~~~~
../src/AD9164_FMC.c:335:28: warning: pointer targets in passing argument 2 of 'XSpi_Transfer' differ in signedness [-Wpointer-sign]
  335 |     XSpi_Transfer(spiPtr2, SAND_complete2, Global_AD9164_recv, AD9164_BUFFER_SIZE);
      |                            ^~~~~~~~~~~~~~
      |                            |
      |                            char *
In file included from ../src/AD9164_FMC.c:4:
D:/DMTS/MOLIT_Shoe_Schaner/Development/FPGA/Signal_Source_Control/Vitis/Signal_Souce_Control_BD_wrapper/export/Signal_Souce_Control_BD_wrapper/sw/Signal_Souce_Control_BD_wrapper/standalone_microblaze_0/bspinclude/include/xspi.h:814:42: note: expected 'u8 *' {aka 'unsigned char *'} but argument is of type 'char *'
  814 | int XSpi_Transfer(XSpi *InstancePtr, u8 *SendBufPtr, u8 *RecvBufPtr,
      |                                      ~~~~^~~~~~~~~~
../src/AD9164_FMC.c:335:44: warning: pointer targets in passing argument 3 of 'XSpi_Transfer' differ in signedness [-Wpointer-sign]
  335 |     XSpi_Transfer(spiPtr2, SAND_complete2, Global_AD9164_recv, AD9164_BUFFER_SIZE);
      |                                            ^~~~~~~~~~~~~~~~~~
      |                                            |
      |                                            char *
In file included from ../src/AD9164_FMC.c:4:
D:/DMTS/MOLIT_Shoe_Schaner/Development/FPGA/Signal_Source_Control/Vitis/Signal_Souce_Control_BD_wrapper/export/Signal_Souce_Control_BD_wrapper/sw/Signal_Souce_Control_BD_wrapper/standalone_microblaze_0/bspinclude/include/xspi.h:814:58: note: expected 'u8 *' {aka 'unsigned char *'} but argument is of type 'char *'
  814 | int XSpi_Transfer(XSpi *InstancePtr, u8 *SendBufPtr, u8 *RecvBufPtr,
      |                                                      ~~~~^~~~~~~~~~
../src/AD9164_FMC.c: In function 'SET_FTH1_2GHZ':
../src/AD9164_FMC.c:354:27: warning: pointer targets in passing argument 2 of 'XSpi_Transfer' differ in signedness [-Wpointer-sign]
  354 |     XSpi_Transfer(spiPtr, SAND_complete1, Global_AD9164_recv, AD9164_BUFFER_SIZE);
      |                           ^~~~~~~~~~~~~~
      |                           |
      |                           char *
In file included from ../src/AD9164_FMC.c:4:
D:/DMTS/MOLIT_Shoe_Schaner/Development/FPGA/Signal_Source_Control/Vitis/Signal_Souce_Control_BD_wrapper/export/Signal_Souce_Control_BD_wrapper/sw/Signal_Souce_Control_BD_wrapper/standalone_microblaze_0/bspinclude/include/xspi.h:814:42: note: expected 'u8 *' {aka 'unsigned char *'} but argument is of type 'char *'
  814 | int XSpi_Transfer(XSpi *InstancePtr, u8 *SendBufPtr, u8 *RecvBufPtr,
      |                                      ~~~~^~~~~~~~~~
../src/AD9164_FMC.c:354:43: warning: pointer targets in passing argument 3 of 'XSpi_Transfer' differ in signedness [-Wpointer-sign]
  354 |     XSpi_Transfer(spiPtr, SAND_complete1, Global_AD9164_recv, AD9164_BUFFER_SIZE);
      |                                           ^~~~~~~~~~~~~~~~~~
      |                                           |
      |                                           char *
In file included from ../src/AD9164_FMC.c:4:
D:/DMTS/MOLIT_Shoe_Schaner/Development/FPGA/Signal_Source_Control/Vitis/Signal_Souce_Control_BD_wrapper/export/Signal_Souce_Control_BD_wrapper/sw/Signal_Souce_Control_BD_wrapper/standalone_microblaze_0/bspinclude/include/xspi.h:814:58: note: expected 'u8 *' {aka 'unsigned char *'} but argument is of type 'char *'
  814 | int XSpi_Transfer(XSpi *InstancePtr, u8 *SendBufPtr, u8 *RecvBufPtr,
      |                                                      ~~~~^~~~~~~~~~
../src/AD9164_FMC.c:358:27: warning: pointer targets in passing argument 2 of 'XSpi_Transfer' differ in signedness [-Wpointer-sign]
  358 |     XSpi_Transfer(spiPtr, FTH1_REGSTER1, Global_AD9164_recv, AD9164_BUFFER_SIZE);
      |                           ^~~~~~~~~~~~~
      |                           |
      |                           char *
In file included from ../src/AD9164_FMC.c:4:
D:/DMTS/MOLIT_Shoe_Schaner/Development/FPGA/Signal_Source_Control/Vitis/Signal_Souce_Control_BD_wrapper/export/Signal_Souce_Control_BD_wrapper/sw/Signal_Souce_Control_BD_wrapper/standalone_microblaze_0/bspinclude/include/xspi.h:814:42: note: expected 'u8 *' {aka 'unsigned char *'} but argument is of type 'char *'
  814 | int XSpi_Transfer(XSpi *InstancePtr, u8 *SendBufPtr, u8 *RecvBufPtr,
      |                                      ~~~~^~~~~~~~~~
../src/AD9164_FMC.c:358:42: warning: pointer targets in passing argument 3 of 'XSpi_Transfer' differ in signedness [-Wpointer-sign]
  358 |     XSpi_Transfer(spiPtr, FTH1_REGSTER1, Global_AD9164_recv, AD9164_BUFFER_SIZE);
      |                                          ^~~~~~~~~~~~~~~~~~
      |                                          |
      |                                          char *
In file included from ../src/AD9164_FMC.c:4:
D:/DMTS/MOLIT_Shoe_Schaner/Development/FPGA/Signal_Source_Control/Vitis/Signal_Souce_Control_BD_wrapper/export/Signal_Souce_Control_BD_wrapper/sw/Signal_Souce_Control_BD_wrapper/standalone_microblaze_0/bspinclude/include/xspi.h:814:58: note: expected 'u8 *' {aka 'unsigned char *'} but argument is of type 'char *'
  814 | int XSpi_Transfer(XSpi *InstancePtr, u8 *SendBufPtr, u8 *RecvBufPtr,
      |                                                      ~~~~^~~~~~~~~~
../src/AD9164_FMC.c:363:27: warning: pointer targets in passing argument 2 of 'XSpi_Transfer' differ in signedness [-Wpointer-sign]
  363 |     XSpi_Transfer(spiPtr, FTH1_REGSTER2, Global_AD9164_recv, AD9164_BUFFER_SIZE);
      |                           ^~~~~~~~~~~~~
      |                           |
      |                           char *
In file included from ../src/AD9164_FMC.c:4:
D:/DMTS/MOLIT_Shoe_Schaner/Development/FPGA/Signal_Source_Control/Vitis/Signal_Souce_Control_BD_wrapper/export/Signal_Souce_Control_BD_wrapper/sw/Signal_Souce_Control_BD_wrapper/standalone_microblaze_0/bspinclude/include/xspi.h:814:42: note: expected 'u8 *' {aka 'unsigned char *'} but argument is of type 'char *'
  814 | int XSpi_Transfer(XSpi *InstancePtr, u8 *SendBufPtr, u8 *RecvBufPtr,
      |                                      ~~~~^~~~~~~~~~
../src/AD9164_FMC.c:363:42: warning: pointer targets in passing argument 3 of 'XSpi_Transfer' differ in signedness [-Wpointer-sign]
  363 |     XSpi_Transfer(spiPtr, FTH1_REGSTER2, Global_AD9164_recv, AD9164_BUFFER_SIZE);
      |                                          ^~~~~~~~~~~~~~~~~~
      |                                          |
      |                                          char *
In file included from ../src/AD9164_FMC.c:4:
D:/DMTS/MOLIT_Shoe_Schaner/Development/FPGA/Signal_Source_Control/Vitis/Signal_Souce_Control_BD_wrapper/export/Signal_Souce_Control_BD_wrapper/sw/Signal_Souce_Control_BD_wrapper/standalone_microblaze_0/bspinclude/include/xspi.h:814:58: note: expected 'u8 *' {aka 'unsigned char *'} but argument is of type 'char *'
  814 | int XSpi_Transfer(XSpi *InstancePtr, u8 *SendBufPtr, u8 *RecvBufPtr,
      |                                                      ~~~~^~~~~~~~~~
../src/AD9164_FMC.c:368:27: warning: pointer targets in passing argument 2 of 'XSpi_Transfer' differ in signedness [-Wpointer-sign]
  368 |     XSpi_Transfer(spiPtr, FTH1_REGSTER3, Global_AD9164_recv, AD9164_BUFFER_SIZE);
      |                           ^~~~~~~~~~~~~
      |                           |
      |                           char *
In file included from ../src/AD9164_FMC.c:4:
D:/DMTS/MOLIT_Shoe_Schaner/Development/FPGA/Signal_Source_Control/Vitis/Signal_Souce_Control_BD_wrapper/export/Signal_Souce_Control_BD_wrapper/sw/Signal_Souce_Control_BD_wrapper/standalone_microblaze_0/bspinclude/include/xspi.h:814:42: note: expected 'u8 *' {aka 'unsigned char *'} but argument is of type 'char *'
  814 | int XSpi_Transfer(XSpi *InstancePtr, u8 *SendBufPtr, u8 *RecvBufPtr,
      |                                      ~~~~^~~~~~~~~~
../src/AD9164_FMC.c:368:42: warning: pointer targets in passing argument 3 of 'XSpi_Transfer' differ in signedness [-Wpointer-sign]
  368 |     XSpi_Transfer(spiPtr, FTH1_REGSTER3, Global_AD9164_recv, AD9164_BUFFER_SIZE);
      |                                          ^~~~~~~~~~~~~~~~~~
      |                                          |
      |                                          char *
In file included from ../src/AD9164_FMC.c:4:
D:/DMTS/MOLIT_Shoe_Schaner/Development/FPGA/Signal_Source_Control/Vitis/Signal_Souce_Control_BD_wrapper/export/Signal_Souce_Control_BD_wrapper/sw/Signal_Souce_Control_BD_wrapper/standalone_microblaze_0/bspinclude/include/xspi.h:814:58: note: expected 'u8 *' {aka 'unsigned char *'} but argument is of type 'char *'
  814 | int XSpi_Transfer(XSpi *InstancePtr, u8 *SendBufPtr, u8 *RecvBufPtr,
      |                                                      ~~~~^~~~~~~~~~
../src/AD9164_FMC.c:373:27: warning: pointer targets in passing argument 2 of 'XSpi_Transfer' differ in signedness [-Wpointer-sign]
  373 |     XSpi_Transfer(spiPtr, FTH1_REGSTER4, Global_AD9164_recv, AD9164_BUFFER_SIZE);
      |                           ^~~~~~~~~~~~~
      |                           |
      |                           char *
In file included from ../src/AD9164_FMC.c:4:
D:/DMTS/MOLIT_Shoe_Schaner/Development/FPGA/Signal_Source_Control/Vitis/Signal_Souce_Control_BD_wrapper/export/Signal_Souce_Control_BD_wrapper/sw/Signal_Souce_Control_BD_wrapper/standalone_microblaze_0/bspinclude/include/xspi.h:814:42: note: expected 'u8 *' {aka 'unsigned char *'} but argument is of type 'char *'
  814 | int XSpi_Transfer(XSpi *InstancePtr, u8 *SendBufPtr, u8 *RecvBufPtr,
      |                                      ~~~~^~~~~~~~~~
../src/AD9164_FMC.c:373:42: warning: pointer targets in passing argument 3 of 'XSpi_Transfer' differ in signedness [-Wpointer-sign]
  373 |     XSpi_Transfer(spiPtr, FTH1_REGSTER4, Global_AD9164_recv, AD9164_BUFFER_SIZE);
      |                                          ^~~~~~~~~~~~~~~~~~
      |                                          |
      |                                          char *
In file included from ../src/AD9164_FMC.c:4:
D:/DMTS/MOLIT_Shoe_Schaner/Development/FPGA/Signal_Source_Control/Vitis/Signal_Souce_Control_BD_wrapper/export/Signal_Souce_Control_BD_wrapper/sw/Signal_Souce_Control_BD_wrapper/standalone_microblaze_0/bspinclude/include/xspi.h:814:58: note: expected 'u8 *' {aka 'unsigned char *'} but argument is of type 'char *'
  814 | int XSpi_Transfer(XSpi *InstancePtr, u8 *SendBufPtr, u8 *RecvBufPtr,
      |                                                      ~~~~^~~~~~~~~~
../src/AD9164_FMC.c:378:27: warning: pointer targets in passing argument 2 of 'XSpi_Transfer' differ in signedness [-Wpointer-sign]
  378 |     XSpi_Transfer(spiPtr, SAND_complete1, Global_AD9164_recv, AD9164_BUFFER_SIZE);
      |                           ^~~~~~~~~~~~~~
      |                           |
      |                           char *
In file included from ../src/AD9164_FMC.c:4:
D:/DMTS/MOLIT_Shoe_Schaner/Development/FPGA/Signal_Source_Control/Vitis/Signal_Souce_Control_BD_wrapper/export/Signal_Souce_Control_BD_wrapper/sw/Signal_Souce_Control_BD_wrapper/standalone_microblaze_0/bspinclude/include/xspi.h:814:42: note: expected 'u8 *' {aka 'unsigned char *'} but argument is of type 'char *'
  814 | int XSpi_Transfer(XSpi *InstancePtr, u8 *SendBufPtr, u8 *RecvBufPtr,
      |                                      ~~~~^~~~~~~~~~
../src/AD9164_FMC.c:378:43: warning: pointer targets in passing argument 3 of 'XSpi_Transfer' differ in signedness [-Wpointer-sign]
  378 |     XSpi_Transfer(spiPtr, SAND_complete1, Global_AD9164_recv, AD9164_BUFFER_SIZE);
      |                                           ^~~~~~~~~~~~~~~~~~
      |                                           |
      |                                           char *
In file included from ../src/AD9164_FMC.c:4:
D:/DMTS/MOLIT_Shoe_Schaner/Development/FPGA/Signal_Source_Control/Vitis/Signal_Souce_Control_BD_wrapper/export/Signal_Souce_Control_BD_wrapper/sw/Signal_Souce_Control_BD_wrapper/standalone_microblaze_0/bspinclude/include/xspi.h:814:58: note: expected 'u8 *' {aka 'unsigned char *'} but argument is of type 'char *'
  814 | int XSpi_Transfer(XSpi *InstancePtr, u8 *SendBufPtr, u8 *RecvBufPtr,
      |                                                      ~~~~^~~~~~~~~~
../src/AD9164_FMC.c:383:27: warning: pointer targets in passing argument 2 of 'XSpi_Transfer' differ in signedness [-Wpointer-sign]
  383 |     XSpi_Transfer(spiPtr, SAND_complete2, Global_AD9164_recv, AD9164_BUFFER_SIZE);
      |                           ^~~~~~~~~~~~~~
      |                           |
      |                           char *
In file included from ../src/AD9164_FMC.c:4:
D:/DMTS/MOLIT_Shoe_Schaner/Development/FPGA/Signal_Source_Control/Vitis/Signal_Souce_Control_BD_wrapper/export/Signal_Souce_Control_BD_wrapper/sw/Signal_Souce_Control_BD_wrapper/standalone_microblaze_0/bspinclude/include/xspi.h:814:42: note: expected 'u8 *' {aka 'unsigned char *'} but argument is of type 'char *'
  814 | int XSpi_Transfer(XSpi *InstancePtr, u8 *SendBufPtr, u8 *RecvBufPtr,
      |                                      ~~~~^~~~~~~~~~
../src/AD9164_FMC.c:383:43: warning: pointer targets in passing argument 3 of 'XSpi_Transfer' differ in signedness [-Wpointer-sign]
  383 |     XSpi_Transfer(spiPtr, SAND_complete2, Global_AD9164_recv, AD9164_BUFFER_SIZE);
      |                                           ^~~~~~~~~~~~~~~~~~
      |                                           |
      |                                           char *
In file included from ../src/AD9164_FMC.c:4:
D:/DMTS/MOLIT_Shoe_Schaner/Development/FPGA/Signal_Source_Control/Vitis/Signal_Souce_Control_BD_wrapper/export/Signal_Souce_Control_BD_wrapper/sw/Signal_Souce_Control_BD_wrapper/standalone_microblaze_0/bspinclude/include/xspi.h:814:58: note: expected 'u8 *' {aka 'unsigned char *'} but argument is of type 'char *'
  814 | int XSpi_Transfer(XSpi *InstancePtr, u8 *SendBufPtr, u8 *RecvBufPtr,
      |                                                      ~~~~^~~~~~~~~~
../src/AD9164_FMC.c: In function 'SPI_Init_Func':
../src/AD9164_FMC.c:424:5: warning: this 'if' clause does not guard... [-Wmisleading-indentation]
  424 |     if (Status != XST_SUCCESS)
      |     ^~
../src/AD9164_FMC.c:426:9: note: ...this statement, but the latter is misleadingly indented as if it were guarded by the 'if'
  426 |         xil_printf("XIntc Connect \r\n");
      |         ^~~~~~~~~~
../src/AD9164_FMC.c: In function 'Read_Register':
../src/AD9164_FMC.c:632:5: warning: implicit declaration of function 'printf' [-Wimplicit-function-declaration]
  632 |     printf("0x : %x 0x : %x 0x : %x \r\n", ReadBuffer_AD9164[0], ReadBuffer_AD9164[1], ReadBuffer_AD9164[2]);
      |     ^~~~~~
../src/AD9164_FMC.c:11:1: note: include '<stdio.h>' or provide a declaration of 'printf'
   10 | #include "xgpio.h"
  +++ |+#include <stdio.h>
   11 | 
../src/AD9164_FMC.c:632:5: warning: incompatible implicit declaration of built-in function 'printf' [-Wbuiltin-declaration-mismatch]
  632 |     printf("0x : %x 0x : %x 0x : %x \r\n", ReadBuffer_AD9164[0], ReadBuffer_AD9164[1], ReadBuffer_AD9164[2]);
      |     ^~~~~~
../src/AD9164_FMC.c:632:5: note: include '<stdio.h>' or provide a declaration of 'printf'
../src/AD9164_FMC.c: In function 'SET_ADAR2001':
../src/AD9164_FMC.c:50:1: warning: control reaches end of non-void function [-Wreturn-type]
   50 | }
      | ^
../src/AD9164_FMC.c: In function 'Init_ADAR2001_Func':
../src/AD9164_FMC.c:75:1: warning: control reaches end of non-void function [-Wreturn-type]
   75 | }
      | ^
../src/AD9164_FMC.c: In function 'Read_Register':
../src/AD9164_FMC.c:634:1: warning: control reaches end of non-void function [-Wreturn-type]
  634 | }
      | ^
'Finished building: ../src/AD9164_FMC.c'
' '
'Building file: ../src/init_arr.c'
'Invoking: MicroBlaze gcc compiler'
mb-gcc -Wall -O0 -g3 -c -fmessage-length=0 -MT"src/init_arr.o" -ID:/DMTS/MOLIT_Shoe_Schaner/Development/FPGA/Signal_Source_Control/Vitis/Signal_Souce_Control_BD_wrapper/export/Signal_Souce_Control_BD_wrapper/sw/Signal_Souce_Control_BD_wrapper/standalone_microblaze_0/bspinclude/include -mlittle-endian -mcpu=v11.0 -mxl-soft-mul -Wl,--no-relax -ffunction-sections -fdata-sections -MMD -MP -MF"src/init_arr.d" -MT"src/init_arr.o" -o "src/init_arr.o" "../src/init_arr.c"
'Finished building: ../src/init_arr.c'
' '
'Building file: ../src/main.c'
'Invoking: MicroBlaze gcc compiler'
mb-gcc -Wall -O0 -g3 -c -fmessage-length=0 -MT"src/main.o" -ID:/DMTS/MOLIT_Shoe_Schaner/Development/FPGA/Signal_Source_Control/Vitis/Signal_Souce_Control_BD_wrapper/export/Signal_Souce_Control_BD_wrapper/sw/Signal_Souce_Control_BD_wrapper/standalone_microblaze_0/bspinclude/include -mlittle-endian -mcpu=v11.0 -mxl-soft-mul -Wl,--no-relax -ffunction-sections -fdata-sections -MMD -MP -MF"src/main.d" -MT"src/main.o" -o "src/main.o" "../src/main.c"
../src/main.c: In function 'main':
../src/main.c:46:5: warning: implicit declaration of function 'init_axi_gpio' [-Wimplicit-function-declaration]
   46 |     init_axi_gpio(&GpioTxEn, &GpioLed);
      |     ^~~~~~~~~~~~~
../src/main.c:60:9: warning: unused variable 'ptr' [-Wunused-variable]
   60 |     u8 *ptr = RecvBuffer;
      |         ^~~
../src/main.c:59:10: warning: unused variable 'before_menu' [-Wunused-variable]
   59 |     char before_menu = 0;
      |          ^~~~~~~~~~~
../src/main.c:58:10: warning: unused variable 'menu_print_out_flag' [-Wunused-variable]
   58 |     char menu_print_out_flag = 0;
      |          ^~~~~~~~~~~~~~~~~~~
../src/main.c:57:9: warning: unused variable 'Index' [-Wunused-variable]
   57 |     int Index;
      |         ^~~~~
../src/main.c:56:9: warning: unused variable 'cnt' [-Wunused-variable]
   56 |     int cnt = 0;
      |         ^~~
../src/main.c:54:18: warning: unused variable 'ReceivedCount' [-Wunused-variable]
   54 |     unsigned int ReceivedCount = 0;
      |                  ^~~~~~~~~~~~~
../src/main.c:53:18: warning: unused variable 'SentCount' [-Wunused-variable]
   53 |     unsigned int SentCount;
      |                  ^~~~~~~~~
../src/main.c:51:9: warning: unused variable 'status' [-Wunused-variable]
   51 |     int status;
      |         ^~~~~~
../src/main.c:50:8: warning: unused variable 'send_data' [-Wunused-variable]
   50 |     u8 send_data = 'A';
      |        ^~~~~~~~~
../src/main.c:49:8: warning: unused variable 'recv_data' [-Wunused-variable]
   49 |     u8 recv_data;
      |        ^~~~~~~~~
../src/main.c:43:9: warning: unused variable 'txen_flag' [-Wunused-variable]
   43 |     int txen_flag = 0;
      |         ^~~~~~~~~
At top level:
../src/main.c:33:14: warning: 'Intc2' defined but not used [-Wunused-variable]
   33 | static XIntc Intc2;
      |              ^~~~~
'Finished building: ../src/main.c'
' '
'Building file: ../src/platform.c'
'Invoking: MicroBlaze gcc compiler'
mb-gcc -Wall -O0 -g3 -c -fmessage-length=0 -MT"src/platform.o" -ID:/DMTS/MOLIT_Shoe_Schaner/Development/FPGA/Signal_Source_Control/Vitis/Signal_Souce_Control_BD_wrapper/export/Signal_Souce_Control_BD_wrapper/sw/Signal_Souce_Control_BD_wrapper/standalone_microblaze_0/bspinclude/include -mlittle-endian -mcpu=v11.0 -mxl-soft-mul -Wl,--no-relax -ffunction-sections -fdata-sections -MMD -MP -MF"src/platform.d" -MT"src/platform.o" -o "src/platform.o" "../src/platform.c"
'Finished building: ../src/platform.c'
' '
'Building target: Signal_Source_Control_App.elf'
'Invoking: MicroBlaze gcc linker'
mb-gcc -Wl,-T -Wl,../src/lscript.ld -LD:/DMTS/MOLIT_Shoe_Schaner/Development/FPGA/Signal_Source_Control/Vitis/Signal_Souce_Control_BD_wrapper/export/Signal_Souce_Control_BD_wrapper/sw/Signal_Souce_Control_BD_wrapper/standalone_microblaze_0/bsplib/lib -mlittle-endian -mcpu=v11.0 -mxl-soft-mul -Wl,--no-relax -Wl,--gc-sections -o "Signal_Source_Control_App.elf"  ./src/AD9164_FMC.o ./src/init_arr.o ./src/main.o ./src/platform.o   -Wl,--start-group,-lxil,-lgcc,-lc,--end-group
'Finished building target: Signal_Source_Control_App.elf'
' '
'Invoking: MicroBlaze Print Size'
mb-size Signal_Source_Control_App.elf  |tee "Signal_Source_Control_App.elf.size"
   text	   data	    bss	    dec	    hex	filename
  23664	   1664	   3616	  28944	   7110	Signal_Source_Control_App.elf
'Finished building: Signal_Source_Control_App.elf.size'
' '

16:03:37 Build Finished (took 1s.158ms)

